6858  execve("/usr/lib/virtualbox/VBoxBalloonCtrl", ["/usr/lib/virtualbox/VBoxBalloonCtrl"], 0x7ffd0c07bed0 /* 12 vars */) = 0
6858  brk(NULL)                         = 0x55e2ab41e000
6858  arch_prctl(0x3001 /* ARCH_??? */, 0x7fffa654c160) = -1 EINVAL (Invalid argument)
6858  mmap(NULL, 8192, PROT_READ|PROT_WRITE, MAP_PRIVATE|MAP_ANONYMOUS, -1, 0) = 0x7f21d62c1000
6858  access("/etc/ld.so.preload", R_OK) = -1 ENOENT (No such file or directory)
6858  openat(AT_FDCWD, "/usr/lib/virtualbox/glibc-hwcaps/x86-64-v4/VBoxRT.so", O_RDONLY|O_CLOEXEC) = -1 ENOENT (No such file or directory)
6858  newfstatat(AT_FDCWD, "/usr/lib/virtualbox/glibc-hwcaps/x86-64-v4", 0x7fffa654b380, 0) = -1 ENOENT (No such file or directory)
6858  openat(AT_FDCWD, "/usr/lib/virtualbox/glibc-hwcaps/x86-64-v3/VBoxRT.so", O_RDONLY|O_CLOEXEC) = -1 ENOENT (No such file or directory)
6858  newfstatat(AT_FDCWD, "/usr/lib/virtualbox/glibc-hwcaps/x86-64-v3", 0x7fffa654b380, 0) = -1 ENOENT (No such file or directory)
6858  openat(AT_FDCWD, "/usr/lib/virtualbox/glibc-hwcaps/x86-64-v2/VBoxRT.so", O_RDONLY|O_CLOEXEC) = -1 ENOENT (No such file or directory)
6858  newfstatat(AT_FDCWD, "/usr/lib/virtualbox/glibc-hwcaps/x86-64-v2", 0x7fffa654b380, 0) = -1 ENOENT (No such file or directory)
6858  openat(AT_FDCWD, "/usr/lib/virtualbox/tls/haswell/avx512_1/x86_64/VBoxRT.so", O_RDONLY|O_CLOEXEC) = -1 ENOENT (No such file or directory)
6858  newfstatat(AT_FDCWD, "/usr/lib/virtualbox/tls/haswell/avx512_1/x86_64", 0x7fffa654b380, 0) = -1 ENOENT (No such file or directory)
6858  openat(AT_FDCWD, "/usr/lib/virtualbox/tls/haswell/avx512_1/VBoxRT.so", O_RDONLY|O_CLOEXEC) = -1 ENOENT (No such file or directory)
6858  newfstatat(AT_FDCWD, "/usr/lib/virtualbox/tls/haswell/avx512_1", 0x7fffa654b380, 0) = -1 ENOENT (No such file or directory)
6858  openat(AT_FDCWD, "/usr/lib/virtualbox/tls/haswell/x86_64/VBoxRT.so", O_RDONLY|O_CLOEXEC) = -1 ENOENT (No such file or directory)
6858  newfstatat(AT_FDCWD, "/usr/lib/virtualbox/tls/haswell/x86_64", 0x7fffa654b380, 0) = -1 ENOENT (No such file or directory)
6858  openat(AT_FDCWD, "/usr/lib/virtualbox/tls/haswell/VBoxRT.so", O_RDONLY|O_CLOEXEC) = -1 ENOENT (No such file or directory)
6858  newfstatat(AT_FDCWD, "/usr/lib/virtualbox/tls/haswell", 0x7fffa654b380, 0) = -1 ENOENT (No such file or directory)
6858  openat(AT_FDCWD, "/usr/lib/virtualbox/tls/avx512_1/x86_64/VBoxRT.so", O_RDONLY|O_CLOEXEC) = -1 ENOENT (No such file or directory)
6858  newfstatat(AT_FDCWD, "/usr/lib/virtualbox/tls/avx512_1/x86_64", 0x7fffa654b380, 0) = -1 ENOENT (No such file or directory)
6858  openat(AT_FDCWD, "/usr/lib/virtualbox/tls/avx512_1/VBoxRT.so", O_RDONLY|O_CLOEXEC) = -1 ENOENT (No such file or directory)
6858  newfstatat(AT_FDCWD, "/usr/lib/virtualbox/tls/avx512_1", 0x7fffa654b380, 0) = -1 ENOENT (No such file or directory)
6858  openat(AT_FDCWD, "/usr/lib/virtualbox/tls/x86_64/VBoxRT.so", O_RDONLY|O_CLOEXEC) = -1 ENOENT (No such file or directory)
6858  newfstatat(AT_FDCWD, "/usr/lib/virtualbox/tls/x86_64", 0x7fffa654b380, 0) = -1 ENOENT (No such file or directory)
6858  openat(AT_FDCWD, "/usr/lib/virtualbox/tls/VBoxRT.so", O_RDONLY|O_CLOEXEC) = -1 ENOENT (No such file or directory)
6858  newfstatat(AT_FDCWD, "/usr/lib/virtualbox/tls", 0x7fffa654b380, 0) = -1 ENOENT (No such file or directory)
6858  openat(AT_FDCWD, "/usr/lib/virtualbox/haswell/avx512_1/x86_64/VBoxRT.so", O_RDONLY|O_CLOEXEC) = -1 ENOENT (No such file or directory)
6858  newfstatat(AT_FDCWD, "/usr/lib/virtualbox/haswell/avx512_1/x86_64", 0x7fffa654b380, 0) = -1 ENOENT (No such file or directory)
6858  openat(AT_FDCWD, "/usr/lib/virtualbox/haswell/avx512_1/VBoxRT.so", O_RDONLY|O_CLOEXEC) = -1 ENOENT (No such file or directory)
6858  newfstatat(AT_FDCWD, "/usr/lib/virtualbox/haswell/avx512_1", 0x7fffa654b380, 0) = -1 ENOENT (No such file or directory)
6858  openat(AT_FDCWD, "/usr/lib/virtualbox/haswell/x86_64/VBoxRT.so", O_RDONLY|O_CLOEXEC) = -1 ENOENT (No such file or directory)
6858  newfstatat(AT_FDCWD, "/usr/lib/virtualbox/haswell/x86_64", 0x7fffa654b380, 0) = -1 ENOENT (No such file or directory)
6858  openat(AT_FDCWD, "/usr/lib/virtualbox/haswell/VBoxRT.so", O_RDONLY|O_CLOEXEC) = -1 ENOENT (No such file or directory)
6858  newfstatat(AT_FDCWD, "/usr/lib/virtualbox/haswell", 0x7fffa654b380, 0) = -1 ENOENT (No such file or directory)
6858  openat(AT_FDCWD, "/usr/lib/virtualbox/avx512_1/x86_64/VBoxRT.so", O_RDONLY|O_CLOEXEC) = -1 ENOENT (No such file or directory)
6858  newfstatat(AT_FDCWD, "/usr/lib/virtualbox/avx512_1/x86_64", 0x7fffa654b380, 0) = -1 ENOENT (No such file or directory)
6858  openat(AT_FDCWD, "/usr/lib/virtualbox/avx512_1/VBoxRT.so", O_RDONLY|O_CLOEXEC) = -1 ENOENT (No such file or directory)
6858  newfstatat(AT_FDCWD, "/usr/lib/virtualbox/avx512_1", 0x7fffa654b380, 0) = -1 ENOENT (No such file or directory)
6858  openat(AT_FDCWD, "/usr/lib/virtualbox/x86_64/VBoxRT.so", O_RDONLY|O_CLOEXEC) = -1 ENOENT (No such file or directory)
6858  newfstatat(AT_FDCWD, "/usr/lib/virtualbox/x86_64", 0x7fffa654b380, 0) = -1 ENOENT (No such file or directory)
6858  openat(AT_FDCWD, "/usr/lib/virtualbox/VBoxRT.so", O_RDONLY|O_CLOEXEC) = 3
6858  read(3, "\177ELF\2\1\1\0\0\0\0\0\0\0\0\0\3\0>\0\1\0\0\0\0\0\0\0\0\0\0\0@\0\0\0\0\0\0\0\250\2505\0\0\0\0\0\0\0\0\0@\08\0\t\0@\0!\0 \0\1\0\0\0\4\0\0\0\0\0\0\0\0\0\0\0\0\0\0\0\0\0\0\0\0\0\0\0\0\0\0\0000\361\t\0\0\0\0\0000\361\t\0\0\0\0\0\0\20\0\0\0\0\0\0\1\0\0\0\5\0\0\0"..., 832) = 832
6858  newfstatat(3, "", {st_mode=S_IFREG|0644, st_size=3518696, ...}, AT_EMPTY_PATH) = 0
6858  mmap(NULL, 3558688, PROT_READ, MAP_PRIVATE|MAP_DENYWRITE, 3, 0) = 0x7f21d5f5c000
6858  mmap(0x7f21d5ffc000, 1843200, PROT_READ|PROT_EXEC, MAP_PRIVATE|MAP_FIXED|MAP_DENYWRITE, 3, 0xa0000) = 0x7f21d5ffc000
6858  mmap(0x7f21d61be000, 839680, PROT_READ, MAP_PRIVATE|MAP_FIXED|MAP_DENYWRITE, 3, 0x262000) = 0x7f21d61be000
6858  mmap(0x7f21d628b000, 184320, PROT_READ|PROT_WRITE, MAP_PRIVATE|MAP_FIXED|MAP_DENYWRITE, 3, 0x32e000) = 0x7f21d628b000
6858  mmap(0x7f21d62b8000, 36128, PROT_READ|PROT_WRITE, MAP_PRIVATE|MAP_FIXED|MAP_ANONYMOUS, -1, 0) = 0x7f21d62b8000
6858  close(3)                          = 0
6858  openat(AT_FDCWD, "/usr/lib/virtualbox/VBoxXPCOM.so", O_RDONLY|O_CLOEXEC) = 3
6858  read(3, "\177ELF\2\1\1\0\0\0\0\0\0\0\0\0\3\0>\0\1\0\0\0\0\0\0\0\0\0\0\0@\0\0\0\0\0\0\0(\232\21\0\0\0\0\0\0\0\0\0@\08\0\t\0@\0\35\0\34\0\1\0\0\0\4\0\0\0\0\0\0\0\0\0\0\0\0\0\0\0\0\0\0\0\0\0\0\0\0\0\0\0`\324\3\0\0\0\0\0`\324\3\0\0\0\0\0\0\20\0\0\0\0\0\0\1\0\0\0\5\0\0\0"..., 832) = 832
6858  newfstatat(3, "", {st_mode=S_IFREG|0644, st_size=1155432, ...}, AT_EMPTY_PATH) = 0
6858  mmap(NULL, 1168456, PROT_READ, MAP_PRIVATE|MAP_DENYWRITE, 3, 0) = 0x7f21d5e3e000
6858  mprotect(0x7f21d5e7c000, 851968, PROT_NONE) = 0
6858  mmap(0x7f21d5e7c000, 598016, PROT_READ|PROT_EXEC, MAP_PRIVATE|MAP_FIXED|MAP_DENYWRITE, 3, 0x3e000) = 0x7f21d5e7c000
6858  mmap(0x7f21d5f0e000, 249856, PROT_READ, MAP_PRIVATE|MAP_FIXED|MAP_DENYWRITE, 3, 0xd0000) = 0x7f21d5f0e000
6858  mmap(0x7f21d5f4c000, 53248, PROT_READ|PROT_WRITE, MAP_PRIVATE|MAP_FIXED|MAP_DENYWRITE, 3, 0x10d000) = 0x7f21d5f4c000
6858  mmap(0x7f21d5f59000, 9288, PROT_READ|PROT_WRITE, MAP_PRIVATE|MAP_FIXED|MAP_ANONYMOUS, -1, 0) = 0x7f21d5f59000
6858  close(3)                          = 0
6858  openat(AT_FDCWD, "/usr/lib/virtualbox/libstdc++.so.6", O_RDONLY|O_CLOEXEC) = -1 ENOENT (No such file or directory)
6858  openat(AT_FDCWD, "/etc/ld.so.cache", O_RDONLY|O_CLOEXEC) = 3
6858  newfstatat(3, "", {st_mode=S_IFREG|0644, st_size=20213, ...}, AT_EMPTY_PATH) = 0
6858  mmap(NULL, 20213, PROT_READ, MAP_PRIVATE, 3, 0) = 0x7f21d5e39000
6858  close(3)                          = 0
6858  openat(AT_FDCWD, "/lib/x86_64-linux-gnu/libstdc++.so.6", O_RDONLY|O_CLOEXEC) = 3
6858  read(3, "\177ELF\2\1\1\3\0\0\0\0\0\0\0\0\3\0>\0\1\0\0\0\0\0\0\0\0\0\0\0@\0\0\0\0\0\0\0\340t\"\0\0\0\0\0\0\0\0\0@\08\0\f\0@\0\"\0!\0\1\0\0\0\4\0\0\0\0\0\0\0\0\0\0\0\0\0\0\0\0\0\0\0\0\0\0\0\0\0\0\0\350\220\t\0\0\0\0\0\350\220\t\0\0\0\0\0\0\20\0\0\0\0\0\0\1\0\0\0\5\0\0\0"..., 832) = 832
6858  newfstatat(3, "", {st_mode=S_IFREG|0644, st_size=2260320, ...}, AT_EMPTY_PATH) = 0
6858  mmap(NULL, 2275520, PROT_READ, MAP_PRIVATE|MAP_DENYWRITE, 3, 0) = 0x7f21d5c0d000
6858  mmap(0x7f21d5ca7000, 1118208, PROT_READ|PROT_EXEC, MAP_PRIVATE|MAP_FIXED|MAP_DENYWRITE, 3, 0x9a000) = 0x7f21d5ca7000
6858  mmap(0x7f21d5db8000, 458752, PROT_READ, MAP_PRIVATE|MAP_FIXED|MAP_DENYWRITE, 3, 0x1ab000) = 0x7f21d5db8000
6858  mmap(0x7f21d5e28000, 57344, PROT_READ|PROT_WRITE, MAP_PRIVATE|MAP_FIXED|MAP_DENYWRITE, 3, 0x21a000) = 0x7f21d5e28000
6858  mmap(0x7f21d5e36000, 10432, PROT_READ|PROT_WRITE, MAP_PRIVATE|MAP_FIXED|MAP_ANONYMOUS, -1, 0) = 0x7f21d5e36000
6858  close(3)                          = 0
6858  openat(AT_FDCWD, "/usr/lib/virtualbox/libgcc_s.so.1", O_RDONLY|O_CLOEXEC) = -1 ENOENT (No such file or directory)
6858  openat(AT_FDCWD, "/lib/x86_64-linux-gnu/libgcc_s.so.1", O_RDONLY|O_CLOEXEC) = 3
6858  read(3, "\177ELF\2\1\1\0\0\0\0\0\0\0\0\0\3\0>\0\1\0\0\0\0\0\0\0\0\0\0\0@\0\0\0\0\0\0\0\360\342\1\0\0\0\0\0\0\0\0\0@\08\0\v\0@\0\35\0\34\0\1\0\0\0\4\0\0\0\0\0\0\0\0\0\0\0\0\0\0\0\0\0\0\0\0\0\0\0\0\0\0\0\10-\0\0\0\0\0\0\10-\0\0\0\0\0\0\0\20\0\0\0\0\0\0\1\0\0\0\5\0\0\0"..., 832) = 832
6858  newfstatat(3, "", {st_mode=S_IFREG|0644, st_size=125488, ...}, AT_EMPTY_PATH) = 0
6858  mmap(NULL, 127720, PROT_READ, MAP_PRIVATE|MAP_DENYWRITE, 3, 0) = 0x7f21d5bed000
6858  mmap(0x7f21d5bf0000, 94208, PROT_READ|PROT_EXEC, MAP_PRIVATE|MAP_FIXED|MAP_DENYWRITE, 3, 0x3000) = 0x7f21d5bf0000
6858  mmap(0x7f21d5c07000, 16384, PROT_READ, MAP_PRIVATE|MAP_FIXED|MAP_DENYWRITE, 3, 0x1a000) = 0x7f21d5c07000
6858  mmap(0x7f21d5c0b000, 8192, PROT_READ|PROT_WRITE, MAP_PRIVATE|MAP_FIXED|MAP_DENYWRITE, 3, 0x1d000) = 0x7f21d5c0b000
6858  close(3)                          = 0
6858  openat(AT_FDCWD, "/usr/lib/virtualbox/libc.so.6", O_RDONLY|O_CLOEXEC) = -1 ENOENT (No such file or directory)
6858  openat(AT_FDCWD, "/lib/x86_64-linux-gnu/libc.so.6", O_RDONLY|O_CLOEXEC) = 3
6858  read(3, "\177ELF\2\1\1\3\0\0\0\0\0\0\0\0\3\0>\0\1\0\0\0P\237\2\0\0\0\0\0@\0\0\0\0\0\0\0\360\300!\0\0\0\0\0\0\0\0\0@\08\0\16\0@\0B\0A\0\6\0\0\0\4\0\0\0@\0\0\0\0\0\0\0@\0\0\0\0\0\0\0@\0\0\0\0\0\0\0\20\3\0\0\0\0\0\0\20\3\0\0\0\0\0\0\10\0\0\0\0\0\0\0\3\0\0\0\4\0\0\0"..., 832) = 832
6858  pread64(3, "\6\0\0\0\4\0\0\0@\0\0\0\0\0\0\0@\0\0\0\0\0\0\0@\0\0\0\0\0\0\0\20\3\0\0\0\0\0\0\20\3\0\0\0\0\0\0\10\0\0\0\0\0\0\0\3\0\0\0\4\0\0\0000>\36\0\0\0\0\0000>\36\0\0\0\0\0000>\36\0\0\0\0\0\34\0\0\0\0\0\0\0\34\0\0\0\0\0\0\0\20\0\0\0\0\0\0\0\1\0\0\0\4\0\0\0\0\0\0\0\0\0\0\0"..., 784, 64) = 784
6858  pread64(3, "\4\0\0\0 \0\0\0\5\0\0\0GNU\0\2\0\0\300\4\0\0\0\3\0\0\0\0\0\0\0\2\200\0\300\4\0\0\0\1\0\0\0\0\0\0\0", 48, 848) = 48
6858  pread64(3, "\4\0\0\0\24\0\0\0\3\0\0\0GNU\0\211\303\313\205\371\345PFwdq\376\320^\304AX\35\31i\4\0\0\0\20\0\0\0\1\0\0\0GNU\0\0\0\0\0\3\0\0\0\2\0\0\0\0\0\0\0", 68, 896) = 68
6858  newfstatat(3, "", {st_mode=S_IFREG|0644, st_size=2216304, ...}, AT_EMPTY_PATH) = 0
6858  pread64(3, "\6\0\0\0\4\0\0\0@\0\0\0\0\0\0\0@\0\0\0\0\0\0\0@\0\0\0\0\0\0\0\20\3\0\0\0\0\0\0\20\3\0\0\0\0\0\0\10\0\0\0\0\0\0\0\3\0\0\0\4\0\0\0000>\36\0\0\0\0\0000>\36\0\0\0\0\0000>\36\0\0\0\0\0\34\0\0\0\0\0\0\0\34\0\0\0\0\0\0\0\20\0\0\0\0\0\0\0\1\0\0\0\4\0\0\0\0\0\0\0\0\0\0\0"..., 784, 64) = 784
6858  mmap(NULL, 2260560, PROT_READ, MAP_PRIVATE|MAP_DENYWRITE, 3, 0) = 0x7f21d59c5000
6858  mmap(0x7f21d59ed000, 1658880, PROT_READ|PROT_EXEC, MAP_PRIVATE|MAP_FIXED|MAP_DENYWRITE, 3, 0x28000) = 0x7f21d59ed000
6858  mmap(0x7f21d5b82000, 360448, PROT_READ, MAP_PRIVATE|MAP_FIXED|MAP_DENYWRITE, 3, 0x1bd000) = 0x7f21d5b82000
6858  mmap(0x7f21d5bda000, 24576, PROT_READ|PROT_WRITE, MAP_PRIVATE|MAP_FIXED|MAP_DENYWRITE, 3, 0x214000) = 0x7f21d5bda000
6858  mmap(0x7f21d5be0000, 52816, PROT_READ|PROT_WRITE, MAP_PRIVATE|MAP_FIXED|MAP_ANONYMOUS, -1, 0) = 0x7f21d5be0000
6858  close(3)                          = 0
6858  openat(AT_FDCWD, "/usr/lib/virtualbox/liblzf.so.1", O_RDONLY|O_CLOEXEC) = -1 ENOENT (No such file or directory)
6858  openat(AT_FDCWD, "/lib/x86_64-linux-gnu/liblzf.so.1", O_RDONLY|O_CLOEXEC) = 3
6858  read(3, "\177ELF\2\1\1\0\0\0\0\0\0\0\0\0\3\0>\0\1\0\0\0\200\20\0\0\0\0\0\0@\0\0\0\0\0\0\08A\0\0\0\0\0\0\0\0\0\0@\08\0\v\0@\0\33\0\32\0\1\0\0\0\4\0\0\0\0\0\0\0\0\0\0\0\0\0\0\0\0\0\0\0\0\0\0\0\0\0\0\0\320\5\0\0\0\0\0\0\320\5\0\0\0\0\0\0\0\20\0\0\0\0\0\0\1\0\0\0\5\0\0\0"..., 832) = 832
6858  newfstatat(3, "", {st_mode=S_IFREG|0644, st_size=18424, ...}, AT_EMPTY_PATH) = 0
6858  mmap(NULL, 8192, PROT_READ|PROT_WRITE, MAP_PRIVATE|MAP_ANONYMOUS, -1, 0) = 0x7f21d59c3000
6858  mmap(NULL, 20496, PROT_READ, MAP_PRIVATE|MAP_DENYWRITE, 3, 0) = 0x7f21d59bd000
6858  mmap(0x7f21d59be000, 8192, PROT_READ|PROT_EXEC, MAP_PRIVATE|MAP_FIXED|MAP_DENYWRITE, 3, 0x1000) = 0x7f21d59be000
6858  mmap(0x7f21d59c0000, 4096, PROT_READ, MAP_PRIVATE|MAP_FIXED|MAP_DENYWRITE, 3, 0x3000) = 0x7f21d59c0000
6858  mmap(0x7f21d59c1000, 8192, PROT_READ|PROT_WRITE, MAP_PRIVATE|MAP_FIXED|MAP_DENYWRITE, 3, 0x3000) = 0x7f21d59c1000
6858  close(3)                          = 0
6858  openat(AT_FDCWD, "/usr/lib/virtualbox/libz.so.1", O_RDONLY|O_CLOEXEC) = -1 ENOENT (No such file or directory)
6858  openat(AT_FDCWD, "/lib/x86_64-linux-gnu/libz.so.1", O_RDONLY|O_CLOEXEC) = 3
6858  read(3, "\177ELF\2\1\1\3\0\0\0\0\0\0\0\0\3\0>\0\1\0\0\0\0\0\0\0\0\0\0\0@\0\0\0\0\0\0\0\10\242\1\0\0\0\0\0\0\0\0\0@\08\0\v\0@\0\36\0\35\0\1\0\0\0\4\0\0\0\0\0\0\0\0\0\0\0\0\0\0\0\0\0\0\0\0\0\0\0\0\0\0\08\37\0\0\0\0\0\08\37\0\0\0\0\0\0\0\20\0\0\0\0\0\0\1\0\0\0\5\0\0\0"..., 832) = 832
6858  newfstatat(3, "", {st_mode=S_IFREG|0644, st_size=108936, ...}, AT_EMPTY_PATH) = 0
6858  mmap(NULL, 110776, PROT_READ, MAP_PRIVATE|MAP_DENYWRITE, 3, 0) = 0x7f21d59a1000
6858  mprotect(0x7f21d59a3000, 98304, PROT_NONE) = 0
6858  mmap(0x7f21d59a3000, 69632, PROT_READ|PROT_EXEC, MAP_PRIVATE|MAP_FIXED|MAP_DENYWRITE, 3, 0x2000) = 0x7f21d59a3000
6858  mmap(0x7f21d59b4000, 24576, PROT_READ, MAP_PRIVATE|MAP_FIXED|MAP_DENYWRITE, 3, 0x13000) = 0x7f21d59b4000
6858  mmap(0x7f21d59bb000, 8192, PROT_READ|PROT_WRITE, MAP_PRIVATE|MAP_FIXED|MAP_DENYWRITE, 3, 0x19000) = 0x7f21d59bb000
6858  close(3)                          = 0
6858  openat(AT_FDCWD, "/usr/lib/virtualbox/libxml2.so.2", O_RDONLY|O_CLOEXEC) = -1 ENOENT (No such file or directory)
6858  openat(AT_FDCWD, "/lib/x86_64-linux-gnu/libxml2.so.2", O_RDONLY|O_CLOEXEC) = 3
6858  read(3, "\177ELF\2\1\1\0\0\0\0\0\0\0\0\0\3\0>\0\1\0\0\0\0\0\0\0\0\0\0\0@\0\0\0\0\0\0\0\330\375\35\0\0\0\0\0\0\0\0\0@\08\0\v\0@\0\35\0\34\0\1\0\0\0\4\0\0\0\0\0\0\0\0\0\0\0\0\0\0\0\0\0\0\0\0\0\0\0\0\0\0\08\341\2\0\0\0\0\08\341\2\0\0\0\0\0\0\20\0\0\0\0\0\0\1\0\0\0\5\0\0\0"..., 832) = 832
6858  newfstatat(3, "", {st_mode=S_IFREG|0644, st_size=1967384, ...}, AT_EMPTY_PATH) = 0
6858  mmap(NULL, 1973720, PROT_READ, MAP_PRIVATE|MAP_DENYWRITE, 3, 0) = 0x7f21d57bf000
6858  mprotect(0x7f21d57ee000, 1736704, PROT_NONE) = 0
6858  mmap(0x7f21d57ee000, 1388544, PROT_READ|PROT_EXEC, MAP_PRIVATE|MAP_FIXED|MAP_DENYWRITE, 3, 0x2f000) = 0x7f21d57ee000
6858  mmap(0x7f21d5941000, 344064, PROT_READ, MAP_PRIVATE|MAP_FIXED|MAP_DENYWRITE, 3, 0x182000) = 0x7f21d5941000
6858  mmap(0x7f21d5996000, 40960, PROT_READ|PROT_WRITE, MAP_PRIVATE|MAP_FIXED|MAP_DENYWRITE, 3, 0x1d6000) = 0x7f21d5996000
6858  mmap(0x7f21d59a0000, 3544, PROT_READ|PROT_WRITE, MAP_PRIVATE|MAP_FIXED|MAP_ANONYMOUS, -1, 0) = 0x7f21d59a0000
6858  close(3)                          = 0
6858  openat(AT_FDCWD, "/usr/lib/virtualbox/libcurl-gnutls.so.4", O_RDONLY|O_CLOEXEC) = -1 ENOENT (No such file or directory)
6858  openat(AT_FDCWD, "/lib/x86_64-linux-gnu/libcurl-gnutls.so.4", O_RDONLY|O_CLOEXEC) = 3
6858  read(3, "\177ELF\2\1\1\0\0\0\0\0\0\0\0\0\3\0>\0\1\0\0\0\0\0\0\0\0\0\0\0@\0\0\0\0\0\0\0\330\357\t\0\0\0\0\0\0\0\0\0@\08\0\v\0@\0\35\0\34\0\1\0\0\0\4\0\0\0\0\0\0\0\0\0\0\0\0\0\0\0\0\0\0\0\0\0\0\0\0\0\0\0\350\330\0\0\0\0\0\0\350\330\0\0\0\0\0\0\0\20\0\0\0\0\0\0\1\0\0\0\5\0\0\0"..., 832) = 832
6858  newfstatat(3, "", {st_mode=S_IFREG|0644, st_size=653080, ...}, AT_EMPTY_PATH) = 0
6858  mmap(NULL, 656208, PROT_READ, MAP_PRIVATE|MAP_DENYWRITE, 3, 0) = 0x7f21d571e000
6858  mmap(0x7f21d572c000, 462848, PROT_READ|PROT_EXEC, MAP_PRIVATE|MAP_FIXED|MAP_DENYWRITE, 3, 0xe000) = 0x7f21d572c000
6858  mmap(0x7f21d579d000, 110592, PROT_READ, MAP_PRIVATE|MAP_FIXED|MAP_DENYWRITE, 3, 0x7f000) = 0x7f21d579d000
6858  mmap(0x7f21d57b8000, 24576, PROT_READ|PROT_WRITE, MAP_PRIVATE|MAP_FIXED|MAP_DENYWRITE, 3, 0x99000) = 0x7f21d57b8000
6858  mmap(0x7f21d57be000, 848, PROT_READ|PROT_WRITE, MAP_PRIVATE|MAP_FIXED|MAP_ANONYMOUS, -1, 0) = 0x7f21d57be000
6858  close(3)                          = 0
6858  openat(AT_FDCWD, "/usr/lib/virtualbox/libssl.so.3", O_RDONLY|O_CLOEXEC) = -1 ENOENT (No such file or directory)
6858  openat(AT_FDCWD, "/lib/x86_64-linux-gnu/libssl.so.3", O_RDONLY|O_CLOEXEC) = 3
6858  read(3, "\177ELF\2\1\1\0\0\0\0\0\0\0\0\0\3\0>\0\1\0\0\0\0\0\0\0\0\0\0\0@\0\0\0\0\0\0\0X)\n\0\0\0\0\0\0\0\0\0@\08\0\v\0@\0\36\0\35\0\1\0\0\0\4\0\0\0\0\0\0\0\0\0\0\0\0\0\0\0\0\0\0\0\0\0\0\0\0\0\0\0\30\324\1\0\0\0\0\0\30\324\1\0\0\0\0\0\0\20\0\0\0\0\0\0\1\0\0\0\5\0\0\0"..., 832) = 832
6858  newfstatat(3, "", {st_mode=S_IFREG|0644, st_size=667864, ...}, AT_EMPTY_PATH) = 0
6858  mmap(NULL, 669680, PROT_READ, MAP_PRIVATE|MAP_DENYWRITE, 3, 0) = 0x7f21d567a000
6858  mmap(0x7f21d5698000, 372736, PROT_READ|PROT_EXEC, MAP_PRIVATE|MAP_FIXED|MAP_DENYWRITE, 3, 0x1e000) = 0x7f21d5698000
6858  mmap(0x7f21d56f3000, 118784, PROT_READ, MAP_PRIVATE|MAP_FIXED|MAP_DENYWRITE, 3, 0x79000) = 0x7f21d56f3000
6858  mmap(0x7f21d5710000, 57344, PROT_READ|PROT_WRITE, MAP_PRIVATE|MAP_FIXED|MAP_DENYWRITE, 3, 0x95000) = 0x7f21d5710000
6858  close(3)                          = 0
6858  openat(AT_FDCWD, "/usr/lib/virtualbox/libcrypto.so.3", O_RDONLY|O_CLOEXEC) = -1 ENOENT (No such file or directory)
6858  openat(AT_FDCWD, "/lib/x86_64-linux-gnu/libcrypto.so.3", O_RDONLY|O_CLOEXEC) = 3
6858  read(3, "\177ELF\2\1\1\0\0\0\0\0\0\0\0\0\3\0>\0\1\0\0\0\0\0\0\0\0\0\0\0@\0\0\0\0\0\0\0\360\325C\0\0\0\0\0\0\0\0\0@\08\0\v\0@\0\35\0\34\0\1\0\0\0\4\0\0\0\0\0\0\0\0\0\0\0\0\0\0\0\0\0\0\0\0\0\0\0\0\0\0\0(\34\v\0\0\0\0\0(\34\v\0\0\0\0\0\0\20\0\0\0\0\0\0\1\0\0\0\5\0\0\0"..., 832) = 832
6858  newfstatat(3, "", {st_mode=S_IFREG|0644, st_size=4447536, ...}, AT_EMPTY_PATH) = 0
6858  mmap(NULL, 4461760, PROT_READ, MAP_PRIVATE|MAP_DENYWRITE, 3, 0) = 0x7f21d5238000
6858  mmap(0x7f21d52ea000, 2478080, PROT_READ|PROT_EXEC, MAP_PRIVATE|MAP_FIXED|MAP_DENYWRITE, 3, 0xb2000) = 0x7f21d52ea000
6858  mmap(0x7f21d5547000, 860160, PROT_READ, MAP_PRIVATE|MAP_FIXED|MAP_DENYWRITE, 3, 0x30f000) = 0x7f21d5547000
6858  mmap(0x7f21d5619000, 385024, PROT_READ|PROT_WRITE, MAP_PRIVATE|MAP_FIXED|MAP_DENYWRITE, 3, 0x3e0000) = 0x7f21d5619000
6858  mmap(0x7f21d5677000, 9408, PROT_READ|PROT_WRITE, MAP_PRIVATE|MAP_FIXED|MAP_ANONYMOUS, -1, 0) = 0x7f21d5677000
6858  close(3)                          = 0
6858  openat(AT_FDCWD, "/usr/lib/virtualbox/libm.so.6", O_RDONLY|O_CLOEXEC) = -1 ENOENT (No such file or directory)
6858  openat(AT_FDCWD, "/lib/x86_64-linux-gnu/libm.so.6", O_RDONLY|O_CLOEXEC) = 3
6858  read(3, "\177ELF\2\1\1\3\0\0\0\0\0\0\0\0\3\0>\0\1\0\0\0\0\0\0\0\0\0\0\0@\0\0\0\0\0\0\0PR\16\0\0\0\0\0\0\0\0\0@\08\0\v\0@\0\37\0\36\0\1\0\0\0\4\0\0\0\0\0\0\0\0\0\0\0\0\0\0\0\0\0\0\0\0\0\0\0\0\0\0\0\340\322\0\0\0\0\0\0\340\322\0\0\0\0\0\0\0\20\0\0\0\0\0\0\1\0\0\0\5\0\0\0"..., 832) = 832
6858  newfstatat(3, "", {st_mode=S_IFREG|0644, st_size=940560, ...}, AT_EMPTY_PATH) = 0
6858  mmap(NULL, 8192, PROT_READ|PROT_WRITE, MAP_PRIVATE|MAP_ANONYMOUS, -1, 0) = 0x7f21d5236000
6858  mmap(NULL, 942344, PROT_READ, MAP_PRIVATE|MAP_DENYWRITE, 3, 0) = 0x7f21d514f000
6858  mmap(0x7f21d515d000, 507904, PROT_READ|PROT_EXEC, MAP_PRIVATE|MAP_FIXED|MAP_DENYWRITE, 3, 0xe000) = 0x7f21d515d000
6858  mmap(0x7f21d51d9000, 372736, PROT_READ, MAP_PRIVATE|MAP_FIXED|MAP_DENYWRITE, 3, 0x8a000) = 0x7f21d51d9000
6858  mmap(0x7f21d5234000, 8192, PROT_READ|PROT_WRITE, MAP_PRIVATE|MAP_FIXED|MAP_DENYWRITE, 3, 0xe4000) = 0x7f21d5234000
6858  close(3)                          = 0
6858  openat(AT_FDCWD, "/lib/x86_64-linux-gnu/libicuuc.so.70", O_RDONLY|O_CLOEXEC) = 3
6858  read(3, "\177ELF\2\1\1\0\0\0\0\0\0\0\0\0\3\0>\0\1\0\0\0\0\0\0\0\0\0\0\0@\0\0\0\0\0\0\0\310q\37\0\0\0\0\0\0\0\0\0@\08\0\v\0@\0\36\0\35\0\1\0\0\0\4\0\0\0\0\0\0\0\0\0\0\0\0\0\0\0\0\0\0\0\0\0\0\0\0\0\0\0xU\6\0\0\0\0\0xU\6\0\0\0\0\0\0\20\0\0\0\0\0\0\1\0\0\0\5\0\0\0"..., 832) = 832
6858  newfstatat(3, "", {st_mode=S_IFREG|0644, st_size=2062664, ...}, AT_EMPTY_PATH) = 0
6858  mmap(NULL, 2073312, PROT_READ, MAP_PRIVATE|MAP_DENYWRITE, 3, 0) = 0x7f21d4f54000
6858  mmap(0x7f21d4fba000, 995328, PROT_READ|PROT_EXEC, MAP_PRIVATE|MAP_FIXED|MAP_DENYWRITE, 3, 0x66000) = 0x7f21d4fba000
6858  mmap(0x7f21d50ad000, 573440, PROT_READ, MAP_PRIVATE|MAP_FIXED|MAP_DENYWRITE, 3, 0x159000) = 0x7f21d50ad000
6858  mmap(0x7f21d5139000, 81920, PROT_READ|PROT_WRITE, MAP_PRIVATE|MAP_FIXED|MAP_DENYWRITE, 3, 0x1e4000) = 0x7f21d5139000
6858  mmap(0x7f21d514d000, 4832, PROT_READ|PROT_WRITE, MAP_PRIVATE|MAP_FIXED|MAP_ANONYMOUS, -1, 0) = 0x7f21d514d000
6858  close(3)                          = 0
6858  openat(AT_FDCWD, "/lib/x86_64-linux-gnu/liblzma.so.5", O_RDONLY|O_CLOEXEC) = 3
6858  read(3, "\177ELF\2\1\1\0\0\0\0\0\0\0\0\0\3\0>\0\1\0\0\0\0\0\0\0\0\0\0\0@\0\0\0\0\0\0\0X\222\2\0\0\0\0\0\0\0\0\0@\08\0\v\0@\0\36\0\35\0\1\0\0\0\4\0\0\0\0\0\0\0\0\0\0\0\0\0\0\0\0\0\0\0\0\0\0\0\0\0\0\0\260'\0\0\0\0\0\0\260'\0\0\0\0\0\0\0\20\0\0\0\0\0\0\1\0\0\0\5\0\0\0"..., 832) = 832
6858  newfstatat(3, "", {st_mode=S_IFREG|0644, st_size=170456, ...}, AT_EMPTY_PATH) = 0
6858  mmap(NULL, 172296, PROT_READ, MAP_PRIVATE|MAP_DENYWRITE, 3, 0) = 0x7f21d4f29000
6858  mmap(0x7f21d4f2c000, 110592, PROT_READ|PROT_EXEC, MAP_PRIVATE|MAP_FIXED|MAP_DENYWRITE, 3, 0x3000) = 0x7f21d4f2c000
6858  mmap(0x7f21d4f47000, 45056, PROT_READ, MAP_PRIVATE|MAP_FIXED|MAP_DENYWRITE, 3, 0x1e000) = 0x7f21d4f47000
6858  mmap(0x7f21d4f52000, 8192, PROT_READ|PROT_WRITE, MAP_PRIVATE|MAP_FIXED|MAP_DENYWRITE, 3, 0x28000) = 0x7f21d4f52000
6858  close(3)                          = 0
6858  openat(AT_FDCWD, "/lib/x86_64-linux-gnu/libnghttp2.so.14", O_RDONLY|O_CLOEXEC) = 3
6858  read(3, "\177ELF\2\1\1\0\0\0\0\0\0\0\0\0\3\0>\0\1\0\0\0\0\0\0\0\0\0\0\0@\0\0\0\0\0\0\0000\202\2\0\0\0\0\0\0\0\0\0@\08\0\v\0@\0\35\0\34\0\1\0\0\0\4\0\0\0\0\0\0\0\0\0\0\0\0\0\0\0\0\0\0\0\0\0\0\0\0\0\0\0\250H\0\0\0\0\0\0\250H\0\0\0\0\0\0\0\20\0\0\0\0\0\0\1\0\0\0\5\0\0\0"..., 832) = 832
6858  newfstatat(3, "", {st_mode=S_IFREG|0644, st_size=166256, ...}, AT_EMPTY_PATH) = 0
6858  mmap(NULL, 168176, PROT_READ, MAP_PRIVATE|MAP_DENYWRITE, 3, 0) = 0x7f21d4eff000
6858  mmap(0x7f21d4f04000, 86016, PROT_READ|PROT_EXEC, MAP_PRIVATE|MAP_FIXED|MAP_DENYWRITE, 3, 0x5000) = 0x7f21d4f04000
6858  mmap(0x7f21d4f19000, 49152, PROT_READ, MAP_PRIVATE|MAP_FIXED|MAP_DENYWRITE, 3, 0x1a000) = 0x7f21d4f19000
6858  mmap(0x7f21d4f25000, 16384, PROT_READ|PROT_WRITE, MAP_PRIVATE|MAP_FIXED|MAP_DENYWRITE, 3, 0x25000) = 0x7f21d4f25000
6858  close(3)                          = 0
6858  openat(AT_FDCWD, "/lib/x86_64-linux-gnu/libidn2.so.0", O_RDONLY|O_CLOEXEC) = 3
6858  read(3, "\177ELF\2\1\1\0\0\0\0\0\0\0\0\0\3\0>\0\1\0\0\0\0\0\0\0\0\0\0\0@\0\0\0\0\0\0\0H\361\1\0\0\0\0\0\0\0\0\0@\08\0\v\0@\0\34\0\33\0\1\0\0\0\4\0\0\0\0\0\0\0\0\0\0\0\0\0\0\0\0\0\0\0\0\0\0\0\0\0\0\0\240\21\0\0\0\0\0\0\240\21\0\0\0\0\0\0\0\20\0\0\0\0\0\0\1\0\0\0\5\0\0\0"..., 832) = 832
6858  newfstatat(3, "", {st_mode=S_IFREG|0644, st_size=129096, ...}, AT_EMPTY_PATH) = 0
6858  mmap(NULL, 131088, PROT_READ, MAP_PRIVATE|MAP_DENYWRITE, 3, 0) = 0x7f21d4ede000
6858  mmap(0x7f21d4ee0000, 16384, PROT_READ|PROT_EXEC, MAP_PRIVATE|MAP_FIXED|MAP_DENYWRITE, 3, 0x2000) = 0x7f21d4ee0000
6858  mmap(0x7f21d4ee4000, 102400, PROT_READ, MAP_PRIVATE|MAP_FIXED|MAP_DENYWRITE, 3, 0x6000) = 0x7f21d4ee4000
6858  mmap(0x7f21d4efd000, 8192, PROT_READ|PROT_WRITE, MAP_PRIVATE|MAP_FIXED|MAP_DENYWRITE, 3, 0x1e000) = 0x7f21d4efd000
6858  close(3)                          = 0
6858  openat(AT_FDCWD, "/lib/x86_64-linux-gnu/librtmp.so.1", O_RDONLY|O_CLOEXEC) = 3
6858  read(3, "\177ELF\2\1\1\0\0\0\0\0\0\0\0\0\3\0>\0\1\0\0\0\0\0\0\0\0\0\0\0@\0\0\0\0\0\0\0\310\324\1\0\0\0\0\0\0\0\0\0@\08\0\v\0@\0\35\0\34\0\1\0\0\0\4\0\0\0\0\0\0\0\0\0\0\0\0\0\0\0\0\0\0\0\0\0\0\0\0\0\0\0\200C\0\0\0\0\0\0\200C\0\0\0\0\0\0\0\20\0\0\0\0\0\0\1\0\0\0\5\0\0\0"..., 832) = 832
6858  newfstatat(3, "", {st_mode=S_IFREG|0644, st_size=121864, ...}, AT_EMPTY_PATH) = 0
6858  mmap(NULL, 8192, PROT_READ|PROT_WRITE, MAP_PRIVATE|MAP_ANONYMOUS, -1, 0) = 0x7f21d4edc000
6858  mmap(NULL, 123824, PROT_READ, MAP_PRIVATE|MAP_DENYWRITE, 3, 0) = 0x7f21d4ebd000
6858  mprotect(0x7f21d4ec2000, 98304, PROT_NONE) = 0
6858  mmap(0x7f21d4ec2000, 65536, PROT_READ|PROT_EXEC, MAP_PRIVATE|MAP_FIXED|MAP_DENYWRITE, 3, 0x5000) = 0x7f21d4ec2000
6858  mmap(0x7f21d4ed2000, 28672, PROT_READ, MAP_PRIVATE|MAP_FIXED|MAP_DENYWRITE, 3, 0x15000) = 0x7f21d4ed2000
6858  mmap(0x7f21d4eda000, 8192, PROT_READ|PROT_WRITE, MAP_PRIVATE|MAP_FIXED|MAP_DENYWRITE, 3, 0x1c000) = 0x7f21d4eda000
6858  close(3)                          = 0
6858  openat(AT_FDCWD, "/lib/x86_64-linux-gnu/libssh.so.4", O_RDONLY|O_CLOEXEC) = 3
6858  read(3, "\177ELF\2\1\1\0\0\0\0\0\0\0\0\0\3\0>\0\1\0\0\0\0\0\0\0\0\0\0\0@\0\0\0\0\0\0\0\330\266\6\0\0\0\0\0\0\0\0\0@\08\0\f\0@\0\36\0\35\0\1\0\0\0\4\0\0\0\0\0\0\0\0\0\0\0\0\0\0\0\0\0\0\0\0\0\0\0\0\0\0\0H\315\0\0\0\0\0\0H\315\0\0\0\0\0\0\0\20\0\0\0\0\0\0\1\0\0\0\5\0\0\0"..., 832) = 832
6858  newfstatat(3, "", {st_mode=S_IFREG|0644, st_size=441944, ...}, AT_EMPTY_PATH) = 0
6858  mmap(NULL, 443872, PROT_READ, MAP_PRIVATE|MAP_DENYWRITE, 3, 0) = 0x7f21d4e50000
6858  mprotect(0x7f21d4e5d000, 376832, PROT_NONE) = 0
6858  mmap(0x7f21d4e5d000, 274432, PROT_READ|PROT_EXEC, MAP_PRIVATE|MAP_FIXED|MAP_DENYWRITE, 3, 0xd000) = 0x7f21d4e5d000
6858  mmap(0x7f21d4ea0000, 98304, PROT_READ, MAP_PRIVATE|MAP_FIXED|MAP_DENYWRITE, 3, 0x50000) = 0x7f21d4ea0000
6858  mmap(0x7f21d4eb9000, 16384, PROT_READ|PROT_WRITE, MAP_PRIVATE|MAP_FIXED|MAP_DENYWRITE, 3, 0x68000) = 0x7f21d4eb9000
6858  close(3)                          = 0
6858  openat(AT_FDCWD, "/lib/x86_64-linux-gnu/libpsl.so.5", O_RDONLY|O_CLOEXEC) = 3
6858  read(3, "\177ELF\2\1\1\0\0\0\0\0\0\0\0\0\3\0>\0\1\0\0\0\0\0\0\0\0\0\0\0@\0\0\0\0\0\0\08!\1\0\0\0\0\0\0\0\0\0@\08\0\v\0@\0\33\0\32\0\1\0\0\0\4\0\0\0\0\0\0\0\0\0\0\0\0\0\0\0\0\0\0\0\0\0\0\0\0\0\0\0\330\20\0\0\0\0\0\0\330\20\0\0\0\0\0\0\0\20\0\0\0\0\0\0\1\0\0\0\5\0\0\0"..., 832) = 832
6858  newfstatat(3, "", {st_mode=S_IFREG|0644, st_size=75768, ...}, AT_EMPTY_PATH) = 0
6858  mmap(NULL, 77840, PROT_READ, MAP_PRIVATE|MAP_DENYWRITE, 3, 0) = 0x7f21d4e3c000
6858  mmap(0x7f21d4e3e000, 8192, PROT_READ|PROT_EXEC, MAP_PRIVATE|MAP_FIXED|MAP_DENYWRITE, 3, 0x2000) = 0x7f21d4e3e000
6858  mmap(0x7f21d4e40000, 57344, PROT_READ, MAP_PRIVATE|MAP_FIXED|MAP_DENYWRITE, 3, 0x4000) = 0x7f21d4e40000
6858  mmap(0x7f21d4e4e000, 8192, PROT_READ|PROT_WRITE, MAP_PRIVATE|MAP_FIXED|MAP_DENYWRITE, 3, 0x11000) = 0x7f21d4e4e000
6858  close(3)                          = 0
6858  openat(AT_FDCWD, "/lib/x86_64-linux-gnu/libnettle.so.8", O_RDONLY|O_CLOEXEC) = 3
6858  read(3, "\177ELF\2\1\1\0\0\0\0\0\0\0\0\0\3\0>\0\1\0\0\0\0\0\0\0\0\0\0\0@\0\0\0\0\0\0\0(B\4\0\0\0\0\0\0\0\0\0@\08\0\v\0@\0\36\0\35\0\1\0\0\0\4\0\0\0\0\0\0\0\0\0\0\0\0\0\0\0\0\0\0\0\0\0\0\0\0\0\0\0\270\237\0\0\0\0\0\0\270\237\0\0\0\0\0\0\0\20\0\0\0\0\0\0\1\0\0\0\5\0\0\0"..., 832) = 832
6858  newfstatat(3, "", {st_mode=S_IFREG|0644, st_size=281000, ...}, AT_EMPTY_PATH) = 0
6858  mmap(NULL, 282840, PROT_READ, MAP_PRIVATE|MAP_DENYWRITE, 3, 0) = 0x7f21d4df6000
6858  mmap(0x7f21d4e00000, 143360, PROT_READ|PROT_EXEC, MAP_PRIVATE|MAP_FIXED|MAP_DENYWRITE, 3, 0xa000) = 0x7f21d4e00000
6858  mmap(0x7f21d4e23000, 90112, PROT_READ, MAP_PRIVATE|MAP_FIXED|MAP_DENYWRITE, 3, 0x2d000) = 0x7f21d4e23000
6858  mmap(0x7f21d4e39000, 12288, PROT_READ|PROT_WRITE, MAP_PRIVATE|MAP_FIXED|MAP_DENYWRITE, 3, 0x42000) = 0x7f21d4e39000
6858  close(3)                          = 0
6858  openat(AT_FDCWD, "/lib/x86_64-linux-gnu/libgnutls.so.30", O_RDONLY|O_CLOEXEC) = 3
6858  read(3, "\177ELF\2\1\1\0\0\0\0\0\0\0\0\0\3\0>\0\1\0\0\0\0\0\0\0\0\0\0\0@\0\0\0\0\0\0\0@~\36\0\0\0\0\0\0\0\0\0@\08\0\f\0@\0\36\0\35\0\1\0\0\0\4\0\0\0\0\0\0\0\0\0\0\0\0\0\0\0\0\0\0\0\0\0\0\0\0\0\0\0\240\10\3\0\0\0\0\0\240\10\3\0\0\0\0\0\0\20\0\0\0\0\0\0\1\0\0\0\5\0\0\0"..., 832) = 832
6858  newfstatat(3, "", {st_mode=S_IFREG|0644, st_size=2000320, ...}, AT_EMPTY_PATH) = 0
6858  mmap(NULL, 2009088, PROT_READ, MAP_PRIVATE|MAP_DENYWRITE, 3, 0) = 0x7f21d4c0b000
6858  mmap(0x7f21d4c3c000, 1216512, PROT_READ|PROT_EXEC, MAP_PRIVATE|MAP_FIXED|MAP_DENYWRITE, 3, 0x31000) = 0x7f21d4c3c000
6858  mmap(0x7f21d4d65000, 512000, PROT_READ, MAP_PRIVATE|MAP_FIXED|MAP_DENYWRITE, 3, 0x15a000) = 0x7f21d4d65000
6858  mmap(0x7f21d4de2000, 73728, PROT_READ|PROT_WRITE, MAP_PRIVATE|MAP_FIXED|MAP_DENYWRITE, 3, 0x1d6000) = 0x7f21d4de2000
6858  mmap(0x7f21d4df4000, 6144, PROT_READ|PROT_WRITE, MAP_PRIVATE|MAP_FIXED|MAP_ANONYMOUS, -1, 0) = 0x7f21d4df4000
6858  close(3)                          = 0
6858  openat(AT_FDCWD, "/lib/x86_64-linux-gnu/libgssapi_krb5.so.2", O_RDONLY|O_CLOEXEC) = 3
6858  read(3, "\177ELF\2\1\1\0\0\0\0\0\0\0\0\0\3\0>\0\1\0\0\0\0\0\0\0\0\0\0\0@\0\0\0\0\0\0\0X#\5\0\0\0\0\0\0\0\0\0@\08\0\v\0@\0\37\0\36\0\1\0\0\0\4\0\0\0\0\0\0\0\0\0\0\0\0\0\0\0\0\0\0\0\0\0\0\0\0\0\0\0\200\257\0\0\0\0\0\0\200\257\0\0\0\0\0\0\0\20\0\0\0\0\0\0\1\0\0\0\5\0\0\0"..., 832) = 832
6858  newfstatat(3, "", {st_mode=S_IFREG|0644, st_size=338712, ...}, AT_EMPTY_PATH) = 0
6858  mmap(NULL, 340960, PROT_READ, MAP_PRIVATE|MAP_DENYWRITE, 3, 0) = 0x7f21d4bb7000
6858  mprotect(0x7f21d4bc2000, 282624, PROT_NONE) = 0
6858  mmap(0x7f21d4bc2000, 229376, PROT_READ|PROT_EXEC, MAP_PRIVATE|MAP_FIXED|MAP_DENYWRITE, 3, 0xb000) = 0x7f21d4bc2000
6858  mmap(0x7f21d4bfa000, 49152, PROT_READ, MAP_PRIVATE|MAP_FIXED|MAP_DENYWRITE, 3, 0x43000) = 0x7f21d4bfa000
6858  mmap(0x7f21d4c07000, 16384, PROT_READ|PROT_WRITE, MAP_PRIVATE|MAP_FIXED|MAP_DENYWRITE, 3, 0x4f000) = 0x7f21d4c07000
6858  close(3)                          = 0
6858  openat(AT_FDCWD, "/lib/x86_64-linux-gnu/libldap-2.5.so.0", O_RDONLY|O_CLOEXEC) = 3
6858  read(3, "\177ELF\2\1\1\0\0\0\0\0\0\0\0\0\3\0>\0\1\0\0\0\0\0\0\0\0\0\0\0@\0\0\0\0\0\0\0\200\267\5\0\0\0\0\0\0\0\0\0@\08\0\v\0@\0\35\0\34\0\1\0\0\0\4\0\0\0\0\0\0\0\0\0\0\0\0\0\0\0\0\0\0\0\0\0\0\0\0\0\0\0000\326\0\0\0\0\0\0000\326\0\0\0\0\0\0\0\20\0\0\0\0\0\0\1\0\0\0\5\0\0\0"..., 832) = 832
6858  newfstatat(3, "", {st_mode=S_IFREG|0644, st_size=376512, ...}, AT_EMPTY_PATH) = 0
6858  mmap(NULL, 8192, PROT_READ|PROT_WRITE, MAP_PRIVATE|MAP_ANONYMOUS, -1, 0) = 0x7f21d4bb5000
6858  mmap(NULL, 387936, PROT_READ, MAP_PRIVATE|MAP_DENYWRITE, 3, 0) = 0x7f21d4b56000
6858  mprotect(0x7f21d4b64000, 311296, PROT_NONE) = 0
6858  mmap(0x7f21d4b64000, 237568, PROT_READ|PROT_EXEC, MAP_PRIVATE|MAP_FIXED|MAP_DENYWRITE, 3, 0xe000) = 0x7f21d4b64000
6858  mmap(0x7f21d4b9e000, 69632, PROT_READ, MAP_PRIVATE|MAP_FIXED|MAP_DENYWRITE, 3, 0x48000) = 0x7f21d4b9e000
6858  mmap(0x7f21d4bb0000, 12288, PROT_READ|PROT_WRITE, MAP_PRIVATE|MAP_FIXED|MAP_DENYWRITE, 3, 0x59000) = 0x7f21d4bb0000
6858  mmap(0x7f21d4bb3000, 7008, PROT_READ|PROT_WRITE, MAP_PRIVATE|MAP_FIXED|MAP_ANONYMOUS, -1, 0) = 0x7f21d4bb3000
6858  close(3)                          = 0
6858  openat(AT_FDCWD, "/lib/x86_64-linux-gnu/liblber-2.5.so.0", O_RDONLY|O_CLOEXEC) = 3
6858  read(3, "\177ELF\2\1\1\0\0\0\0\0\0\0\0\0\3\0>\0\1\0\0\0\0\0\0\0\0\0\0\0@\0\0\0\0\0\0\0\270\362\0\0\0\0\0\0\0\0\0\0@\08\0\v\0@\0\35\0\34\0\1\0\0\0\4\0\0\0\0\0\0\0\0\0\0\0\0\0\0\0\0\0\0\0\0\0\0\0\0\0\0\0\310(\0\0\0\0\0\0\310(\0\0\0\0\0\0\0\20\0\0\0\0\0\0\1\0\0\0\5\0\0\0"..., 832) = 832
6858  newfstatat(3, "", {st_mode=S_IFREG|0644, st_size=63992, ...}, AT_EMPTY_PATH) = 0
6858  mmap(NULL, 65960, PROT_READ, MAP_PRIVATE|MAP_DENYWRITE, 3, 0) = 0x7f21d4b45000
6858  mprotect(0x7f21d4b48000, 49152, PROT_NONE) = 0
6858  mmap(0x7f21d4b48000, 32768, PROT_READ|PROT_EXEC, MAP_PRIVATE|MAP_FIXED|MAP_DENYWRITE, 3, 0x3000) = 0x7f21d4b48000
6858  mmap(0x7f21d4b50000, 12288, PROT_READ, MAP_PRIVATE|MAP_FIXED|MAP_DENYWRITE, 3, 0xb000) = 0x7f21d4b50000
6858  mmap(0x7f21d4b54000, 8192, PROT_READ|PROT_WRITE, MAP_PRIVATE|MAP_FIXED|MAP_DENYWRITE, 3, 0xe000) = 0x7f21d4b54000
6858  close(3)                          = 0
6858  openat(AT_FDCWD, "/lib/x86_64-linux-gnu/libzstd.so.1", O_RDONLY|O_CLOEXEC) = 3
6858  read(3, "\177ELF\2\1\1\0\0\0\0\0\0\0\0\0\3\0>\0\1\0\0\0\0\0\0\0\0\0\0\0@\0\0\0\0\0\0\0P\321\f\0\0\0\0\0\0\0\0\0@\08\0\v\0@\0\34\0\33\0\1\0\0\0\4\0\0\0\0\0\0\0\0\0\0\0\0\0\0\0\0\0\0\0\0\0\0\0\0\0\0\0X\220\0\0\0\0\0\0X\220\0\0\0\0\0\0\0\20\0\0\0\0\0\0\1\0\0\0\5\0\0\0"..., 832) = 832
6858  newfstatat(3, "", {st_mode=S_IFREG|0644, st_size=841808, ...}, AT_EMPTY_PATH) = 0
6858  mmap(NULL, 843832, PROT_READ, MAP_PRIVATE|MAP_DENYWRITE, 3, 0) = 0x7f21d4a76000
6858  mmap(0x7f21d4a80000, 729088, PROT_READ|PROT_EXEC, MAP_PRIVATE|MAP_FIXED|MAP_DENYWRITE, 3, 0xa000) = 0x7f21d4a80000
6858  mmap(0x7f21d4b32000, 69632, PROT_READ, MAP_PRIVATE|MAP_FIXED|MAP_DENYWRITE, 3, 0xbc000) = 0x7f21d4b32000
6858  mmap(0x7f21d4b43000, 8192, PROT_READ|PROT_WRITE, MAP_PRIVATE|MAP_FIXED|MAP_DENYWRITE, 3, 0xcc000) = 0x7f21d4b43000
6858  close(3)                          = 0
6858  openat(AT_FDCWD, "/lib/x86_64-linux-gnu/libbrotlidec.so.1", O_RDONLY|O_CLOEXEC) = 3
6858  read(3, "\177ELF\2\1\1\0\0\0\0\0\0\0\0\0\3\0>\0\1\0\0\0\0\0\0\0\0\0\0\0@\0\0\0\0\0\0\0\370\301\0\0\0\0\0\0\0\0\0\0@\08\0\v\0@\0\35\0\34\0\1\0\0\0\4\0\0\0\0\0\0\0\0\0\0\0\0\0\0\0\0\0\0\0\0\0\0\0\0\0\0\0000\v\0\0\0\0\0\0000\v\0\0\0\0\0\0\0\20\0\0\0\0\0\0\1\0\0\0\5\0\0\0"..., 832) = 832
6858  newfstatat(3, "", {st_mode=S_IFREG|0644, st_size=51512, ...}, AT_EMPTY_PATH) = 0
6858  mmap(NULL, 53352, PROT_READ, MAP_PRIVATE|MAP_DENYWRITE, 3, 0) = 0x7f21d4a68000
6858  mmap(0x7f21d4a69000, 32768, PROT_READ|PROT_EXEC, MAP_PRIVATE|MAP_FIXED|MAP_DENYWRITE, 3, 0x1000) = 0x7f21d4a69000
6858  mmap(0x7f21d4a71000, 12288, PROT_READ, MAP_PRIVATE|MAP_FIXED|MAP_DENYWRITE, 3, 0x9000) = 0x7f21d4a71000
6858  mmap(0x7f21d4a74000, 8192, PROT_READ|PROT_WRITE, MAP_PRIVATE|MAP_FIXED|MAP_DENYWRITE, 3, 0xb000) = 0x7f21d4a74000
6858  close(3)                          = 0
6858  openat(AT_FDCWD, "/lib/x86_64-linux-gnu/libicudata.so.70", O_RDONLY|O_CLOEXEC) = 3
6858  read(3, "\177ELF\2\1\1\0\0\0\0\0\0\0\0\0\3\0>\0\1\0\0\0\0\0\0\0\0\0\0\0@\0\0\0\0\0\0\0\370\300\301\1\0\0\0\0\0\0\0\0@\08\0\n\0@\0\26\0\25\0\1\0\0\0\4\0\0\0\0\0\0\0\0\0\0\0\0\0\0\0\0\0\0\0\0\0\0\0\0\0\0\0`\4\0\0\0\0\0\0`\4\0\0\0\0\0\0\0\20\0\0\0\0\0\0\1\0\0\0\5\0\0\0"..., 832) = 832
6858  newfstatat(3, "", {st_mode=S_IFREG|0644, st_size=29476472, ...}, AT_EMPTY_PATH) = 0
6858  mmap(NULL, 29478936, PROT_READ, MAP_PRIVATE|MAP_DENYWRITE, 3, 0) = 0x7f21d2e4a000
6858  mmap(0x7f21d2e4b000, 4096, PROT_READ|PROT_EXEC, MAP_PRIVATE|MAP_FIXED|MAP_DENYWRITE, 3, 0x1000) = 0x7f21d2e4b000
6858  mmap(0x7f21d2e4c000, 29466624, PROT_READ, MAP_PRIVATE|MAP_FIXED|MAP_DENYWRITE, 3, 0x2000) = 0x7f21d2e4c000
6858  mmap(0x7f21d4a66000, 8192, PROT_READ|PROT_WRITE, MAP_PRIVATE|MAP_FIXED|MAP_DENYWRITE, 3, 0x1c1b000) = 0x7f21d4a66000
6858  close(3)                          = 0
6858  openat(AT_FDCWD, "/lib/x86_64-linux-gnu/libunistring.so.2", O_RDONLY|O_CLOEXEC) = 3
6858  read(3, "\177ELF\2\1\1\0\0\0\0\0\0\0\0\0\3\0>\0\1\0\0\0\0\0\0\0\0\0\0\0@\0\0\0\0\0\0\0\250\221\32\0\0\0\0\0\0\0\0\0@\08\0\v\0@\0\34\0\33\0\1\0\0\0\4\0\0\0\0\0\0\0\0\0\0\0\0\0\0\0\0\0\0\0\0\0\0\0\0\0\0\0\310\0\1\0\0\0\0\0\310\0\1\0\0\0\0\0\0\20\0\0\0\0\0\0\1\0\0\0\5\0\0\0"..., 832) = 832
6858  newfstatat(3, "", {st_mode=S_IFREG|0644, st_size=1743016, ...}, AT_EMPTY_PATH) = 0
6858  mmap(NULL, 8192, PROT_READ|PROT_WRITE, MAP_PRIVATE|MAP_ANONYMOUS, -1, 0) = 0x7f21d2e48000
6858  mmap(NULL, 1743080, PROT_READ, MAP_PRIVATE|MAP_DENYWRITE, 3, 0) = 0x7f21d2c9e000
6858  mmap(0x7f21d2caf000, 221184, PROT_READ|PROT_EXEC, MAP_PRIVATE|MAP_FIXED|MAP_DENYWRITE, 3, 0x11000) = 0x7f21d2caf000
6858  mmap(0x7f21d2ce5000, 1433600, PROT_READ, MAP_PRIVATE|MAP_FIXED|MAP_DENYWRITE, 3, 0x47000) = 0x7f21d2ce5000
6858  mmap(0x7f21d2e43000, 20480, PROT_READ|PROT_WRITE, MAP_PRIVATE|MAP_FIXED|MAP_DENYWRITE, 3, 0x1a5000) = 0x7f21d2e43000
6858  close(3)                          = 0
6858  openat(AT_FDCWD, "/lib/x86_64-linux-gnu/libhogweed.so.6", O_RDONLY|O_CLOEXEC) = 3
6858  read(3, "\177ELF\2\1\1\0\0\0\0\0\0\0\0\0\3\0>\0\1\0\0\0\0\0\0\0\0\0\0\0@\0\0\0\0\0\0\0\210d\4\0\0\0\0\0\0\0\0\0@\08\0\v\0@\0\36\0\35\0\1\0\0\0\4\0\0\0\0\0\0\0\0\0\0\0\0\0\0\0\0\0\0\0\0\0\0\0\0\0\0\0\30{\0\0\0\0\0\0\30{\0\0\0\0\0\0\0\20\0\0\0\0\0\0\1\0\0\0\5\0\0\0"..., 832) = 832
6858  newfstatat(3, "", {st_mode=S_IFREG|0644, st_size=289800, ...}, AT_EMPTY_PATH) = 0
6858  mmap(NULL, 291640, PROT_READ, MAP_PRIVATE|MAP_DENYWRITE, 3, 0) = 0x7f21d2c56000
6858  mprotect(0x7f21d2c5e000, 253952, PROT_NONE) = 0
6858  mmap(0x7f21d2c5e000, 77824, PROT_READ|PROT_EXEC, MAP_PRIVATE|MAP_FIXED|MAP_DENYWRITE, 3, 0x8000) = 0x7f21d2c5e000
6858  mmap(0x7f21d2c71000, 172032, PROT_READ, MAP_PRIVATE|MAP_FIXED|MAP_DENYWRITE, 3, 0x1b000) = 0x7f21d2c71000
6858  mmap(0x7f21d2c9c000, 8192, PROT_READ|PROT_WRITE, MAP_PRIVATE|MAP_FIXED|MAP_DENYWRITE, 3, 0x45000) = 0x7f21d2c9c000
6858  close(3)                          = 0
6858  openat(AT_FDCWD, "/lib/x86_64-linux-gnu/libgmp.so.10", O_RDONLY|O_CLOEXEC) = 3
6858  read(3, "\177ELF\2\1\1\0\0\0\0\0\0\0\0\0\3\0>\0\1\0\0\0\0\0\0\0\0\0\0\0@\0\0\0\0\0\0\0\360\2\10\0\0\0\0\0\0\0\0\0@\08\0\v\0@\0\35\0\34\0\1\0\0\0\4\0\0\0\0\0\0\0\0\0\0\0\0\0\0\0\0\0\0\0\0\0\0\0\0\0\0\08\221\0\0\0\0\0\08\221\0\0\0\0\0\0\0\20\0\0\0\0\0\0\1\0\0\0\5\0\0\0"..., 832) = 832
6858  newfstatat(3, "", {st_mode=S_IFREG|0644, st_size=526896, ...}, AT_EMPTY_PATH) = 0
6858  mmap(NULL, 528912, PROT_READ, MAP_PRIVATE|MAP_DENYWRITE, 3, 0) = 0x7f21d2bd4000
6858  mmap(0x7f21d2bde000, 389120, PROT_READ|PROT_EXEC, MAP_PRIVATE|MAP_FIXED|MAP_DENYWRITE, 3, 0xa000) = 0x7f21d2bde000
6858  mmap(0x7f21d2c3d000, 94208, PROT_READ, MAP_PRIVATE|MAP_FIXED|MAP_DENYWRITE, 3, 0x69000) = 0x7f21d2c3d000
6858  mmap(0x7f21d2c54000, 8192, PROT_READ|PROT_WRITE, MAP_PRIVATE|MAP_FIXED|MAP_DENYWRITE, 3, 0x7f000) = 0x7f21d2c54000
6858  close(3)                          = 0
6858  openat(AT_FDCWD, "/lib/x86_64-linux-gnu/libp11-kit.so.0", O_RDONLY|O_CLOEXEC) = 3
6858  read(3, "\177ELF\2\1\1\0\0\0\0\0\0\0\0\0\3\0>\0\1\0\0\0\0\0\0\0\0\0\0\0@\0\0\0\0\0\0\0\200\227\23\0\0\0\0\0\0\0\0\0@\08\0\f\0@\0\36\0\35\0\1\0\0\0\4\0\0\0\0\0\0\0\0\0\0\0\0\0\0\0\0\0\0\0\0\0\0\0\0\0\0\0H\204\2\0\0\0\0\0H\204\2\0\0\0\0\0\0\20\0\0\0\0\0\0\1\0\0\0\5\0\0\0"..., 832) = 832
6858  newfstatat(3, "", {st_mode=S_IFREG|0644, st_size=1285888, ...}, AT_EMPTY_PATH) = 0
6858  mmap(NULL, 1289160, PROT_READ, MAP_PRIVATE|MAP_DENYWRITE, 3, 0) = 0x7f21d2a99000
6858  mmap(0x7f21d2ac2000, 671744, PROT_READ|PROT_EXEC, MAP_PRIVATE|MAP_FIXED|MAP_DENYWRITE, 3, 0x29000) = 0x7f21d2ac2000
6858  mmap(0x7f21d2b66000, 368640, PROT_READ, MAP_PRIVATE|MAP_FIXED|MAP_DENYWRITE, 3, 0xcd000) = 0x7f21d2b66000
6858  mmap(0x7f21d2bc0000, 81920, PROT_READ|PROT_WRITE, MAP_PRIVATE|MAP_FIXED|MAP_DENYWRITE, 3, 0x126000) = 0x7f21d2bc0000
6858  close(3)                          = 0
6858  openat(AT_FDCWD, "/lib/x86_64-linux-gnu/libtasn1.so.6", O_RDONLY|O_CLOEXEC) = 3
6858  read(3, "\177ELF\2\1\1\0\0\0\0\0\0\0\0\0\3\0>\0\1\0\0\0\0\0\0\0\0\0\0\0@\0\0\0\0\0\0\0Xa\1\0\0\0\0\0\0\0\0\0@\08\0\v\0@\0\35\0\34\0\1\0\0\0\4\0\0\0\0\0\0\0\0\0\0\0\0\0\0\0\0\0\0\0\0\0\0\0\0\0\0\0x)\0\0\0\0\0\0x)\0\0\0\0\0\0\0\20\0\0\0\0\0\0\1\0\0\0\5\0\0\0"..., 832) = 832
6858  newfstatat(3, "", {st_mode=S_IFREG|0644, st_size=92312, ...}, AT_EMPTY_PATH) = 0
6858  mmap(NULL, 94760, PROT_READ, MAP_PRIVATE|MAP_DENYWRITE, 3, 0) = 0x7f21d2a81000
6858  mprotect(0x7f21d2a84000, 77824, PROT_NONE) = 0
6858  mmap(0x7f21d2a84000, 57344, PROT_READ|PROT_EXEC, MAP_PRIVATE|MAP_FIXED|MAP_DENYWRITE, 3, 0x3000) = 0x7f21d2a84000
6858  mmap(0x7f21d2a92000, 16384, PROT_READ, MAP_PRIVATE|MAP_FIXED|MAP_DENYWRITE, 3, 0x11000) = 0x7f21d2a92000
6858  mmap(0x7f21d2a97000, 8192, PROT_READ|PROT_WRITE, MAP_PRIVATE|MAP_FIXED|MAP_DENYWRITE, 3, 0x15000) = 0x7f21d2a97000
6858  close(3)                          = 0
6858  openat(AT_FDCWD, "/lib/x86_64-linux-gnu/libkrb5.so.3", O_RDONLY|O_CLOEXEC) = 3
6858  read(3, "\177ELF\2\1\1\0\0\0\0\0\0\0\0\0\3\0>\0\1\0\0\0\0\0\0\0\0\0\0\0@\0\0\0\0\0\0\0\240\232\f\0\0\0\0\0\0\0\0\0@\08\0\v\0@\0\37\0\36\0\1\0\0\0\4\0\0\0\0\0\0\0\0\0\0\0\0\0\0\0\0\0\0\0\0\0\0\0\0\0\0\0h\0\2\0\0\0\0\0h\0\2\0\0\0\0\0\0\20\0\0\0\0\0\0\1\0\0\0\5\0\0\0"..., 832) = 832
6858  newfstatat(3, "", {st_mode=S_IFREG|0644, st_size=828000, ...}, AT_EMPTY_PATH) = 0
6858  mmap(NULL, 8192, PROT_READ|PROT_WRITE, MAP_PRIVATE|MAP_ANONYMOUS, -1, 0) = 0x7f21d2a7f000
6858  mmap(NULL, 830576, PROT_READ, MAP_PRIVATE|MAP_DENYWRITE, 3, 0) = 0x7f21d29b4000
6858  mprotect(0x7f21d29d5000, 634880, PROT_NONE) = 0
6858  mmap(0x7f21d29d5000, 380928, PROT_READ|PROT_EXEC, MAP_PRIVATE|MAP_FIXED|MAP_DENYWRITE, 3, 0x21000) = 0x7f21d29d5000
6858  mmap(0x7f21d2a32000, 249856, PROT_READ, MAP_PRIVATE|MAP_FIXED|MAP_DENYWRITE, 3, 0x7e000) = 0x7f21d2a32000
6858  mmap(0x7f21d2a70000, 61440, PROT_READ|PROT_WRITE, MAP_PRIVATE|MAP_FIXED|MAP_DENYWRITE, 3, 0xbb000) = 0x7f21d2a70000
6858  close(3)                          = 0
6858  openat(AT_FDCWD, "/lib/x86_64-linux-gnu/libk5crypto.so.3", O_RDONLY|O_CLOEXEC) = 3
6858  read(3, "\177ELF\2\1\1\0\0\0\0\0\0\0\0\0\3\0>\0\1\0\0\0\0\0\0\0\0\0\0\0@\0\0\0\0\0\0\0\320\302\2\0\0\0\0\0\0\0\0\0@\08\0\v\0@\0\37\0\36\0\1\0\0\0\4\0\0\0\0\0\0\0\0\0\0\0\0\0\0\0\0\0\0\0\0\0\0\0\0\0\0\0`:\0\0\0\0\0\0`:\0\0\0\0\0\0\0\20\0\0\0\0\0\0\1\0\0\0\5\0\0\0"..., 832) = 832
6858  newfstatat(3, "", {st_mode=S_IFREG|0644, st_size=182928, ...}, AT_EMPTY_PATH) = 0
6858  mmap(NULL, 188472, PROT_READ, MAP_PRIVATE|MAP_DENYWRITE, 3, 0) = 0x7f21d2985000
6858  mprotect(0x7f21d2989000, 163840, PROT_NONE) = 0
6858  mmap(0x7f21d2989000, 110592, PROT_READ|PROT_EXEC, MAP_PRIVATE|MAP_FIXED|MAP_DENYWRITE, 3, 0x4000) = 0x7f21d2989000
6858  mmap(0x7f21d29a4000, 49152, PROT_READ, MAP_PRIVATE|MAP_FIXED|MAP_DENYWRITE, 3, 0x1f000) = 0x7f21d29a4000
6858  mmap(0x7f21d29b1000, 8192, PROT_READ|PROT_WRITE, MAP_PRIVATE|MAP_FIXED|MAP_DENYWRITE, 3, 0x2b000) = 0x7f21d29b1000
6858  mmap(0x7f21d29b3000, 56, PROT_READ|PROT_WRITE, MAP_PRIVATE|MAP_FIXED|MAP_ANONYMOUS, -1, 0) = 0x7f21d29b3000
6858  close(3)                          = 0
6858  openat(AT_FDCWD, "/lib/x86_64-linux-gnu/libcom_err.so.2", O_RDONLY|O_CLOEXEC) = 3
6858  read(3, "\177ELF\2\1\1\0\0\0\0\0\0\0\0\0\3\0>\0\1\0\0\0\0\0\0\0\0\0\0\0@\0\0\0\0\0\0\0HA\0\0\0\0\0\0\0\0\0\0@\08\0\f\0@\0\34\0\33\0\1\0\0\0\4\0\0\0\0\0\0\0\0\0\0\0\0\0\0\0\0\0\0\0\0\0\0\0\0\0\0\0x\20\0\0\0\0\0\0x\20\0\0\0\0\0\0\0\20\0\0\0\0\0\0\1\0\0\0\5\0\0\0"..., 832) = 832
6858  newfstatat(3, "", {st_mode=S_IFREG|0644, st_size=18504, ...}, AT_EMPTY_PATH) = 0
6858  mmap(NULL, 20552, PROT_READ, MAP_PRIVATE|MAP_DENYWRITE, 3, 0) = 0x7f21d297f000
6858  mmap(0x7f21d2981000, 4096, PROT_READ|PROT_EXEC, MAP_PRIVATE|MAP_FIXED|MAP_DENYWRITE, 3, 0x2000) = 0x7f21d2981000
6858  mmap(0x7f21d2982000, 4096, PROT_READ, MAP_PRIVATE|MAP_FIXED|MAP_DENYWRITE, 3, 0x3000) = 0x7f21d2982000
6858  mmap(0x7f21d2983000, 8192, PROT_READ|PROT_WRITE, MAP_PRIVATE|MAP_FIXED|MAP_DENYWRITE, 3, 0x3000) = 0x7f21d2983000
6858  close(3)                          = 0
6858  openat(AT_FDCWD, "/lib/x86_64-linux-gnu/libkrb5support.so.0", O_RDONLY|O_CLOEXEC) = 3
6858  read(3, "\177ELF\2\1\1\0\0\0\0\0\0\0\0\0\3\0>\0\1\0\0\0\0\0\0\0\0\0\0\0@\0\0\0\0\0\0\0\260\303\0\0\0\0\0\0\0\0\0\0@\08\0\v\0@\0\37\0\36\0\1\0\0\0\4\0\0\0\0\0\0\0\0\0\0\0\0\0\0\0\0\0\0\0\0\0\0\0\0\0\0\0 *\0\0\0\0\0\0 *\0\0\0\0\0\0\0\20\0\0\0\0\0\0\1\0\0\0\5\0\0\0"..., 832) = 832
6858  newfstatat(3, "", {st_mode=S_IFREG|0644, st_size=52080, ...}, AT_EMPTY_PATH) = 0
6858  mmap(NULL, 54224, PROT_READ, MAP_PRIVATE|MAP_DENYWRITE, 3, 0) = 0x7f21d2971000
6858  mprotect(0x7f21d2974000, 36864, PROT_NONE) = 0
6858  mmap(0x7f21d2974000, 24576, PROT_READ|PROT_EXEC, MAP_PRIVATE|MAP_FIXED|MAP_DENYWRITE, 3, 0x3000) = 0x7f21d2974000
6858  mmap(0x7f21d297a000, 8192, PROT_READ, MAP_PRIVATE|MAP_FIXED|MAP_DENYWRITE, 3, 0x9000) = 0x7f21d297a000
6858  mmap(0x7f21d297d000, 8192, PROT_READ|PROT_WRITE, MAP_PRIVATE|MAP_FIXED|MAP_DENYWRITE, 3, 0xb000) = 0x7f21d297d000
6858  close(3)                          = 0
6858  openat(AT_FDCWD, "/lib/x86_64-linux-gnu/libsasl2.so.2", O_RDONLY|O_CLOEXEC) = 3
6858  read(3, "\177ELF\2\1\1\0\0\0\0\0\0\0\0\0\3\0>\0\1\0\0\0\0\0\0\0\0\0\0\0@\0\0\0\0\0\0\0`\224\1\0\0\0\0\0\0\0\0\0@\08\0\v\0@\0\35\0\34\0\1\0\0\0\4\0\0\0\0\0\0\0\0\0\0\0\0\0\0\0\0\0\0\0\0\0\0\0\0\0\0\0\20'\0\0\0\0\0\0\20'\0\0\0\0\0\0\0\20\0\0\0\0\0\0\1\0\0\0\5\0\0\0"..., 832) = 832
6858  newfstatat(3, "", {st_mode=S_IFREG|0644, st_size=105376, ...}, AT_EMPTY_PATH) = 0
6858  mmap(NULL, 107504, PROT_READ, MAP_PRIVATE|MAP_DENYWRITE, 3, 0) = 0x7f21d2956000
6858  mmap(0x7f21d2959000, 69632, PROT_READ|PROT_EXEC, MAP_PRIVATE|MAP_FIXED|MAP_DENYWRITE, 3, 0x3000) = 0x7f21d2959000
6858  mmap(0x7f21d296a000, 20480, PROT_READ, MAP_PRIVATE|MAP_FIXED|MAP_DENYWRITE, 3, 0x14000) = 0x7f21d296a000
6858  mmap(0x7f21d296f000, 8192, PROT_READ|PROT_WRITE, MAP_PRIVATE|MAP_FIXED|MAP_DENYWRITE, 3, 0x18000) = 0x7f21d296f000
6858  close(3)                          = 0
6858  openat(AT_FDCWD, "/lib/x86_64-linux-gnu/libbrotlicommon.so.1", O_RDONLY|O_CLOEXEC) = 3
6858  read(3, "\177ELF\2\1\1\0\0\0\0\0\0\0\0\0\3\0>\0\1\0\0\0\0\0\0\0\0\0\0\0@\0\0\0\0\0\0\0\330\21\2\0\0\0\0\0\0\0\0\0@\08\0\v\0@\0\36\0\35\0\1\0\0\0\4\0\0\0\0\0\0\0\0\0\0\0\0\0\0\0\0\0\0\0\0\0\0\0\0\0\0\0h\7\0\0\0\0\0\0h\7\0\0\0\0\0\0\0\20\0\0\0\0\0\0\1\0\0\0\5\0\0\0"..., 832) = 832
6858  newfstatat(3, "", {st_mode=S_IFREG|0644, st_size=137560, ...}, AT_EMPTY_PATH) = 0
6858  mmap(NULL, 139320, PROT_READ, MAP_PRIVATE|MAP_DENYWRITE, 3, 0) = 0x7f21d2933000
6858  mmap(0x7f21d2934000, 4096, PROT_READ|PROT_EXEC, MAP_PRIVATE|MAP_FIXED|MAP_DENYWRITE, 3, 0x1000) = 0x7f21d2934000
6858  mmap(0x7f21d2935000, 126976, PROT_READ, MAP_PRIVATE|MAP_FIXED|MAP_DENYWRITE, 3, 0x2000) = 0x7f21d2935000
6858  mmap(0x7f21d2954000, 8192, PROT_READ|PROT_WRITE, MAP_PRIVATE|MAP_FIXED|MAP_DENYWRITE, 3, 0x20000) = 0x7f21d2954000
6858  close(3)                          = 0
6858  mmap(NULL, 8192, PROT_READ|PROT_WRITE, MAP_PRIVATE|MAP_ANONYMOUS, -1, 0) = 0x7f21d2931000
6858  openat(AT_FDCWD, "/lib/x86_64-linux-gnu/libffi.so.8", O_RDONLY|O_CLOEXEC) = 3
6858  read(3, "\177ELF\2\1\1\0\0\0\0\0\0\0\0\0\3\0>\0\1\0\0\0\0\0\0\0\0\0\0\0@\0\0\0\0\0\0\0\310\262\0\0\0\0\0\0\0\0\0\0@\08\0\v\0@\0\36\0\35\0\1\0\0\0\4\0\0\0\0\0\0\0\0\0\0\0\0\0\0\0\0\0\0\0\0\0\0\0\0\0\0\0\200\30\0\0\0\0\0\0\200\30\0\0\0\0\0\0\0\20\0\0\0\0\0\0\1\0\0\0\5\0\0\0"..., 832) = 832
6858  newfstatat(3, "", {st_mode=S_IFREG|0644, st_size=47688, ...}, AT_EMPTY_PATH) = 0
6858  mmap(NULL, 50736, PROT_READ, MAP_PRIVATE|MAP_DENYWRITE, 3, 0) = 0x7f21d2924000
6858  mprotect(0x7f21d2926000, 36864, PROT_NONE) = 0
6858  mmap(0x7f21d2926000, 28672, PROT_READ|PROT_EXEC, MAP_PRIVATE|MAP_FIXED|MAP_DENYWRITE, 3, 0x2000) = 0x7f21d2926000
6858  mmap(0x7f21d292d000, 4096, PROT_READ, MAP_PRIVATE|MAP_FIXED|MAP_DENYWRITE, 3, 0x9000) = 0x7f21d292d000
6858  mmap(0x7f21d292f000, 8192, PROT_READ|PROT_WRITE, MAP_PRIVATE|MAP_FIXED|MAP_DENYWRITE, 3, 0xa000) = 0x7f21d292f000
6858  close(3)                          = 0
6858  openat(AT_FDCWD, "/lib/x86_64-linux-gnu/libkeyutils.so.1", O_RDONLY|O_CLOEXEC) = 3
6858  read(3, "\177ELF\2\1\1\0\0\0\0\0\0\0\0\0\3\0>\0\1\0\0\0\0\0\0\0\0\0\0\0@\0\0\0\0\0\0\0HQ\0\0\0\0\0\0\0\0\0\0@\08\0\v\0@\0\34\0\33\0\1\0\0\0\4\0\0\0\0\0\0\0\0\0\0\0\0\0\0\0\0\0\0\0\0\0\0\0\0\0\0\0\230\25\0\0\0\0\0\0\230\25\0\0\0\0\0\0\0\20\0\0\0\0\0\0\1\0\0\0\5\0\0\0"..., 832) = 832
6858  newfstatat(3, "", {st_mode=S_IFREG|0644, st_size=22600, ...}, AT_EMPTY_PATH) = 0
6858  mmap(NULL, 24592, PROT_READ, MAP_PRIVATE|MAP_DENYWRITE, 3, 0) = 0x7f21d291d000
6858  mmap(0x7f21d291f000, 8192, PROT_READ|PROT_EXEC, MAP_PRIVATE|MAP_FIXED|MAP_DENYWRITE, 3, 0x2000) = 0x7f21d291f000
6858  mmap(0x7f21d2921000, 4096, PROT_READ, MAP_PRIVATE|MAP_FIXED|MAP_DENYWRITE, 3, 0x4000) = 0x7f21d2921000
6858  mmap(0x7f21d2922000, 8192, PROT_READ|PROT_WRITE, MAP_PRIVATE|MAP_FIXED|MAP_DENYWRITE, 3, 0x4000) = 0x7f21d2922000
6858  close(3)                          = 0
6858  openat(AT_FDCWD, "/lib/x86_64-linux-gnu/libresolv.so.2", O_RDONLY|O_CLOEXEC) = 3
6858  read(3, "\177ELF\2\1\1\0\0\0\0\0\0\0\0\0\3\0>\0\1\0\0\0\0\0\0\0\0\0\0\0@\0\0\0\0\0\0\0\310\3\1\0\0\0\0\0\0\0\0\0@\08\0\v\0@\0 \0\37\0\1\0\0\0\4\0\0\0\0\0\0\0\0\0\0\0\0\0\0\0\0\0\0\0\0\0\0\0\0\0\0\0\350/\0\0\0\0\0\0\350/\0\0\0\0\0\0\0\20\0\0\0\0\0\0\1\0\0\0\5\0\0\0"..., 832) = 832
6858  newfstatat(3, "", {st_mode=S_IFREG|0644, st_size=68552, ...}, AT_EMPTY_PATH) = 0
6858  mmap(NULL, 80456, PROT_READ, MAP_PRIVATE|MAP_DENYWRITE, 3, 0) = 0x7f21d2909000
6858  mmap(0x7f21d290c000, 40960, PROT_READ|PROT_EXEC, MAP_PRIVATE|MAP_FIXED|MAP_DENYWRITE, 3, 0x3000) = 0x7f21d290c000
6858  mmap(0x7f21d2916000, 12288, PROT_READ, MAP_PRIVATE|MAP_FIXED|MAP_DENYWRITE, 3, 0xd000) = 0x7f21d2916000
6858  mmap(0x7f21d2919000, 8192, PROT_READ|PROT_WRITE, MAP_PRIVATE|MAP_FIXED|MAP_DENYWRITE, 3, 0xf000) = 0x7f21d2919000
6858  mmap(0x7f21d291b000, 6728, PROT_READ|PROT_WRITE, MAP_PRIVATE|MAP_FIXED|MAP_ANONYMOUS, -1, 0) = 0x7f21d291b000
6858  close(3)                          = 0
6858  mmap(NULL, 8192, PROT_READ|PROT_WRITE, MAP_PRIVATE|MAP_ANONYMOUS, -1, 0) = 0x7f21d2907000
6858  mmap(NULL, 8192, PROT_READ|PROT_WRITE, MAP_PRIVATE|MAP_ANONYMOUS, -1, 0) = 0x7f21d2905000
6858  mmap(NULL, 8192, PROT_READ|PROT_WRITE, MAP_PRIVATE|MAP_ANONYMOUS, -1, 0) = 0x7f21d2903000
6858  arch_prctl(ARCH_SET_FS, 0x7f21d2903e00) = 0
6858  set_tid_address(0x7f21d29040d0)   = 6858
6858  set_robust_list(0x7f21d29040e0, 24) = 0
6858  rseq(0x7f21d29047a0, 0x20, 0, 0x53053053) = 0
6858  mprotect(0x7f21d5bda000, 16384, PROT_READ) = 0
6858  mprotect(0x7f21d2919000, 4096, PROT_READ) = 0
6858  mprotect(0x7f21d2922000, 4096, PROT_READ) = 0
6858  mprotect(0x7f21d292f000, 4096, PROT_READ) = 0
6858  mprotect(0x7f21d2954000, 4096, PROT_READ) = 0
6858  mprotect(0x7f21d296f000, 4096, PROT_READ) = 0
6858  mprotect(0x7f21d297d000, 4096, PROT_READ) = 0
6858  mprotect(0x7f21d2983000, 4096, PROT_READ) = 0
6858  mprotect(0x7f21d29b1000, 4096, PROT_READ) = 0
6858  mprotect(0x7f21d2a70000, 53248, PROT_READ) = 0
6858  mprotect(0x7f21d2a97000, 4096, PROT_READ) = 0
6858  mprotect(0x7f21d2bc0000, 40960, PROT_READ) = 0
6858  mprotect(0x7f21d2c54000, 4096, PROT_READ) = 0
6858  mprotect(0x7f21d4e39000, 8192, PROT_READ) = 0
6858  mprotect(0x7f21d2c9c000, 4096, PROT_READ) = 0
6858  mprotect(0x7f21d2e43000, 16384, PROT_READ) = 0
6858  mprotect(0x7f21d4a66000, 4096, PROT_READ) = 0
6858  mprotect(0x7f21d4a74000, 4096, PROT_READ) = 0
6858  mprotect(0x7f21d4b43000, 4096, PROT_READ) = 0
6858  mprotect(0x7f21d4b54000, 4096, PROT_READ) = 0
6858  mprotect(0x7f21d4efd000, 4096, PROT_READ) = 0
6858  mprotect(0x7f21d4de2000, 65536, PROT_READ) = 0
6858  mprotect(0x7f21d4bb0000, 8192, PROT_READ) = 0
6858  mprotect(0x7f21d4c07000, 8192, PROT_READ) = 0
6858  mprotect(0x7f21d4e4e000, 4096, PROT_READ) = 0
6858  mprotect(0x7f21d5619000, 372736, PROT_READ) = 0
6858  mprotect(0x7f21d59bb000, 4096, PROT_READ) = 0
6858  mprotect(0x7f21d4eb9000, 8192, PROT_READ) = 0
6858  mprotect(0x7f21d4eda000, 4096, PROT_READ) = 0
6858  mprotect(0x7f21d4f25000, 12288, PROT_READ) = 0
6858  mprotect(0x7f21d4f52000, 4096, PROT_READ) = 0
6858  mprotect(0x7f21d5234000, 4096, PROT_READ) = 0
6858  mprotect(0x7f21d5c0b000, 4096, PROT_READ) = 0
6858  mmap(NULL, 8192, PROT_READ|PROT_WRITE, MAP_PRIVATE|MAP_ANONYMOUS, -1, 0) = 0x7f21d2901000
6858  mprotect(0x7f21d5e28000, 45056, PROT_READ) = 0
6858  mprotect(0x7f21d5139000, 77824, PROT_READ) = 0
6858  mprotect(0x7f21d5710000, 40960, PROT_READ) = 0
6858  mprotect(0x7f21d57b8000, 16384, PROT_READ) = 0
6858  mprotect(0x7f21d5996000, 36864, PROT_READ) = 0
6858  mprotect(0x7f21d59c1000, 4096, PROT_READ) = 0
6858  mprotect(0x7f21d628b000, 151552, PROT_READ) = 0
6858  mprotect(0x7f21d5f4c000, 40960, PROT_READ) = 0
6858  mprotect(0x55e2aa3ef000, 12288, PROT_READ) = 0
6858  mprotect(0x7f21d62fb000, 8192, PROT_READ) = 0
6858  prlimit64(0, RLIMIT_STACK, NULL, {rlim_cur=8192*1024, rlim_max=RLIM64_INFINITY}) = 0
6858  munmap(0x7f21d5e39000, 20213)     = 0
6858  getrandom("\xa7\xaf\x91\x18\x62\xe4\xa0\xcc", 8, GRND_NONBLOCK) = 8
6858  brk(NULL)                         = 0x55e2ab41e000
6858  brk(0x55e2ab43f000)               = 0x55e2ab43f000
6858  getrandom("\x7a", 1, GRND_NONBLOCK) = 1
6858  newfstatat(AT_FDCWD, "/etc/gnutls/config", 0x7fffa654ba50, 0) = -1 ENOENT (No such file or directory)
6858  brk(0x55e2ab46d000)               = 0x55e2ab46d000
6858  futex(0x7f21d599fcb8, FUTEX_WAKE_PRIVATE, 2147483647) = 0
6858  getpid()                          = 6858
6858  rt_sigaction(SIGRT_29, NULL, {sa_handler=SIG_DFL, sa_mask=[], sa_flags=0}, 8) = 0
6858  rt_sigaction(SIGRT_29, {sa_handler=0x7f21d61af2f0, sa_mask=~[RTMIN RT_1], sa_flags=SA_RESTORER, sa_restorer=0x7f21d5a07520}, NULL, 8) = 0
6858  rt_sigprocmask(SIG_BLOCK, [ALRM], NULL, 8) = 0
6858  rt_sigaction(SIGRT_29, {sa_handler=0x7f21d61af2f0, sa_mask=~[RTMIN RT_1], sa_flags=SA_RESTORER, sa_restorer=0x7f21d5a07520}, {sa_handler=0x7f21d61af2f0, sa_mask=~[KILL STOP RTMIN RT_1], sa_flags=SA_RESTORER, sa_restorer=0x7f21d5a07520}, 8) = 0
6858  getpriority(PRIO_PROCESS, 0)      = 20
6858  rt_sigaction(SIGRT_1, {sa_handler=0x7f21d5a568f0, sa_mask=[], sa_flags=SA_RESTORER|SA_ONSTACK|SA_RESTART|SA_SIGINFO, sa_restorer=0x7f21d5a07520}, NULL, 8) = 0
6858  rt_sigprocmask(SIG_UNBLOCK, [RTMIN RT_1], NULL, 8) = 0
6858  mmap(NULL, 8392704, PROT_NONE, MAP_PRIVATE|MAP_ANONYMOUS|MAP_STACK, -1, 0) = 0x7f21d2100000
6858  mprotect(0x7f21d2101000, 8388608, PROT_READ|PROT_WRITE) = 0
6858  rt_sigprocmask(SIG_BLOCK, ~[], [ALRM], 8) = 0
6858  clone3({flags=CLONE_VM|CLONE_FS|CLONE_FILES|CLONE_SIGHAND|CLONE_THREAD|CLONE_SYSVSEM|CLONE_SETTLS|CLONE_PARENT_SETTID|CLONE_CHILD_CLEARTID, child_tid=0x7f21d2900910, parent_tid=0x7f21d2900910, exit_signal=0, stack=0x7f21d2100000, stack_size=0x7ffcc0, tls=0x7f21d2900640}, 88) = -1 ENOSYS (Function not implemented)
6858  clone(child_stack=0x7f21d28ffcb0, flags=CLONE_VM|CLONE_FS|CLONE_FILES|CLONE_SIGHAND|CLONE_THREAD|CLONE_SYSVSEM|CLONE_SETTLS|CLONE_PARENT_SETTID|CLONE_CHILD_CLEARTID <unfinished ...>
6863  rseq(0x7f21d2900fe0, 0x20, 0, 0x53053053 <unfinished ...>
6858  <... clone resumed>, parent_tid=[6863], tls=0x7f21d2900640, child_tidptr=0x7f21d2900910) = 6863
6863  <... rseq resumed>)               = 0
6858  rt_sigprocmask(SIG_SETMASK, [ALRM],  <unfinished ...>
6863  set_robust_list(0x7f21d2900920, 24 <unfinished ...>
6858  <... rt_sigprocmask resumed>NULL, 8) = 0
6863  <... set_robust_list resumed>)    = 0
6858  futex(0x7f21d2900910, FUTEX_WAIT_BITSET|FUTEX_CLOCK_REALTIME, 6863, NULL, FUTEX_BITSET_MATCH_ANY <unfinished ...>
6863  rt_sigprocmask(SIG_SETMASK, [ALRM], NULL, 8) = 0
6863  getpriority(PRIO_PROCESS, 0)      = 20
6863  sched_getparam(0, [0])            = 0
6863  sched_getscheduler(0)             = 0 (SCHED_OTHER)
6863  sched_getparam(6863, [0])         = 0
6863  sched_getscheduler(6863)          = 0 (SCHED_OTHER)
6863  getpriority(PRIO_PROCESS, 0)      = 20
6863  setpriority(PRIO_PROCESS, 0, -1)  = -1 EACCES (Permission denied)
6863  getpriority(PRIO_PROCESS, 0)      = 20
6863  setpriority(PRIO_PROCESS, 0, 0)   = 0
6863  getpriority(PRIO_PROCESS, 0)      = 20
6863  setpriority(PRIO_PROCESS, 0, 1)   = 0
6863  setpriority(PRIO_PROCESS, 0, 2)   = 0
6863  setpriority(PRIO_PROCESS, 0, 3)   = 0
6863  setpriority(PRIO_PROCESS, 0, 4)   = 0
6863  setpriority(PRIO_PROCESS, 0, 5)   = 0
6863  setpriority(PRIO_PROCESS, 0, 6)   = 0
6863  setpriority(PRIO_PROCESS, 0, 7)   = 0
6863  setpriority(PRIO_PROCESS, 0, 8)   = 0
6863  setpriority(PRIO_PROCESS, 0, 9)   = 0
6863  setpriority(PRIO_PROCESS, 0, 10)  = 0
6863  setpriority(PRIO_PROCESS, 0, 11)  = 0
6863  setpriority(PRIO_PROCESS, 0, 12)  = 0
6863  setpriority(PRIO_PROCESS, 0, 13)  = 0
6863  setpriority(PRIO_PROCESS, 0, 14)  = 0
6863  setpriority(PRIO_PROCESS, 0, 15)  = 0
6863  setpriority(PRIO_PROCESS, 0, 16)  = 0
6863  setpriority(PRIO_PROCESS, 0, 17)  = 0
6863  setpriority(PRIO_PROCESS, 0, 18)  = 0
6863  setpriority(PRIO_PROCESS, 0, 19)  = 0
6863  getpriority(PRIO_PROCESS, 0)      = 1
6863  setpriority(PRIO_PROCESS, 0, 0)   = -1 EACCES (Permission denied)
6863  getpriority(PRIO_PROCESS, 0)      = 1
6863  setpriority(PRIO_PROCESS, 0, 0)   = -1 EACCES (Permission denied)
6863  sched_setscheduler(0, SCHED_OTHER, [0]) = 0
6863  sched_setparam(0, [0])            = 0
6863  sched_setscheduler(6863, SCHED_OTHER, [0]) = 0
6863  rt_sigprocmask(SIG_BLOCK, ~[RT_1], NULL, 8) = 0
6863  madvise(0x7f21d2100000, 8368128, MADV_DONTNEED) = 0
6863  exit(0)                           = ?
6863  +++ exited with 0 +++
6858  <... futex resumed>)              = 0
6858  getpriority(PRIO_PROCESS, 0)      = 20
6858  readlink("/proc/self/exe", "/usr/lib/virtualbox/VBoxBalloonCtrl", 4067) = 35
6858  openat(AT_FDCWD, "/usr/lib/x86_64-linux-gnu/gconv/gconv-modules.cache", O_RDONLY) = 3
6858  newfstatat(3, "", {st_mode=S_IFREG|0644, st_size=27002, ...}, AT_EMPTY_PATH) = 0
6858  mmap(NULL, 27002, PROT_READ, MAP_SHARED, 3, 0) = 0x7f21d20f9000
6858  close(3)                          = 0
6858  futex(0x7f21d5bdfa6c, FUTEX_WAKE_PRIVATE, 2147483647) = 0
6858  rt_sigaction(SIGCHLD, NULL, {sa_handler=SIG_DFL, sa_mask=[], sa_flags=0}, 8) = 0
6858  rt_sigaction(SIGCHLD, {sa_handler=0x7f21d615d280, sa_mask=[], sa_flags=SA_RESTORER|SA_RESTART|SA_NOCLDSTOP, sa_restorer=0x7f21d5a07520}, {sa_handler=SIG_DFL, sa_mask=[], sa_flags=0}, 8) = 0
6858  write(2, "Oracle VM VirtualBox Watchdog 6.1.34_Ubuntu\n(C) 2022 Oracle Corporation\nAll rights reserved.\n\n", 94) = 94
6858  uname({sysname="Linux", nodename="3a176f4563e4", ...}) = 0
6858  uname({sysname="Linux", nodename="3a176f4563e4", ...}) = 0
6858  uname({sysname="Linux", nodename="3a176f4563e4", ...}) = 0
6858  openat(AT_FDCWD, "/dev/null", O_RDONLY|O_CLOEXEC) = 3
6858  fcntl(3, F_GETFD)                 = 0x1 (flags FD_CLOEXEC)
6858  close(3)                          = 0
6858  openat(AT_FDCWD, "/sys/devices/virtual/dmi/id/product_name", O_RDONLY|O_CLOEXEC) = -1 ENOENT (No such file or directory)
6858  openat(AT_FDCWD, "/sys/class/dmi/id/product_name", O_RDONLY|O_CLOEXEC) = -1 ENOENT (No such file or directory)
6858  openat(AT_FDCWD, "/sys/devices/virtual/dmi/id/product_version", O_RDONLY|O_CLOEXEC) = -1 ENOENT (No such file or directory)
6858  openat(AT_FDCWD, "/sys/class/dmi/id/product_version", O_RDONLY|O_CLOEXEC) = -1 ENOENT (No such file or directory)
6858  newfstatat(AT_FDCWD, "/sys/firmware/efi/", 0x7fffa6547e30, 0) = -1 ENOENT (No such file or directory)
6858  newfstatat(AT_FDCWD, "/sys/", {st_mode=S_IFDIR|0555, st_size=0, ...}, 0) = 0
6858  sysinfo({uptime=132824, loads=[255296, 135040, 93632], totalram=16562298880, freeram=12736315392, sharedram=23891968, bufferram=1196920832, totalswap=4294967296, freeswap=4294967296, procs=251, totalhigh=0, freehigh=0, mem_unit=1}) = 0
6858  openat(AT_FDCWD, "/proc/meminfo", O_RDONLY) = 3
6858  newfstatat(3, "", {st_mode=S_IFREG|0444, st_size=0, ...}, AT_EMPTY_PATH) = 0
6858  read(3, "MemTotal:       16174120 kB\nMemFree:        12437808 kB\nMemAvailable:   15359396 kB\nBuffers:         1168868 kB\nCached:         "..., 1024) = 1024
6858  read(3, ":     75776 kB\nShmemHugePages:        0 kB\nShmemPmdMapped:        0 kB\nFileHugePages:         0 kB\nFilePmdMapped:         0 kB\nH"..., 1024) = 367
6858  read(3, "", 1024)                 = 0
6858  close(3)                          = 0
6858  newfstatat(1, "", {st_mode=S_IFREG|0777, st_size=0, ...}, AT_EMPTY_PATH) = 0
6858  write(1, "00:00:00.003214 main     VirtualBox Watchdog 6.1.34_Ubuntu r150636 linux.amd64 (May 13 2022 07:34:48) release log\n00:00:00.00321"..., 725) = 725
6858  geteuid()                         = 0
6858  socket(AF_UNIX, SOCK_STREAM|SOCK_CLOEXEC|SOCK_NONBLOCK, 0) = 3
6858  connect(3, {sa_family=AF_UNIX, sun_path="/var/run/nscd/socket"}, 110) = -1 ENOENT (No such file or directory)
6858  close(3)                          = 0
6858  socket(AF_UNIX, SOCK_STREAM|SOCK_CLOEXEC|SOCK_NONBLOCK, 0) = 3
6858  connect(3, {sa_family=AF_UNIX, sun_path="/var/run/nscd/socket"}, 110) = -1 ENOENT (No such file or directory)
6858  close(3)                          = 0
6858  newfstatat(AT_FDCWD, "/etc/nsswitch.conf", {st_mode=S_IFREG|0644, st_size=510, ...}, 0) = 0
6858  newfstatat(AT_FDCWD, "/", {st_mode=S_IFDIR|0755, st_size=4096, ...}, 0) = 0
6858  openat(AT_FDCWD, "/etc/nsswitch.conf", O_RDONLY|O_CLOEXEC) = 3
6858  newfstatat(3, "", {st_mode=S_IFREG|0644, st_size=510, ...}, AT_EMPTY_PATH) = 0
6858  brk(0x55e2ab48e000)               = 0x55e2ab48e000
6858  read(3, "# /etc/nsswitch.conf\n#\n# Example configuration of GNU Name Service Switch functionality.\n# If you have the `glibc-doc-reference'"..., 4096) = 510
6858  read(3, "", 4096)                 = 0
6858  newfstatat(3, "", {st_mode=S_IFREG|0644, st_size=510, ...}, AT_EMPTY_PATH) = 0
6858  close(3)                          = 0
6858  openat(AT_FDCWD, "/etc/passwd", O_RDONLY|O_CLOEXEC) = 3
6858  newfstatat(3, "", {st_mode=S_IFREG|0644, st_size=1281, ...}, AT_EMPTY_PATH) = 0
6858  lseek(3, 0, SEEK_SET)             = 0
6858  read(3, "root:x:0:0:root:/root:/bin/bash\ndaemon:x:1:1:daemon:/usr/sbin:/usr/sbin/nologin\nbin:x:2:2:bin:/bin:/usr/sbin/nologin\nsys:x:3:3:s"..., 4096) = 1281
6858  close(3)                          = 0
6858  newfstatat(AT_FDCWD, "/root", {st_mode=S_IFDIR|0700, st_size=4096, ...}, 0) = 0
6858  newfstatat(AT_FDCWD, "/root/.VirtualBox", 0x7fffa6545230, 0) = -1 ENOENT (No such file or directory)
6858  geteuid()                         = 0
6858  newfstatat(AT_FDCWD, "/etc/nsswitch.conf", {st_mode=S_IFREG|0644, st_size=510, ...}, 0) = 0
6858  openat(AT_FDCWD, "/etc/passwd", O_RDONLY|O_CLOEXEC) = 3
6858  newfstatat(3, "", {st_mode=S_IFREG|0644, st_size=1281, ...}, AT_EMPTY_PATH) = 0
6858  lseek(3, 0, SEEK_SET)             = 0
6858  read(3, "root:x:0:0:root:/root:/bin/bash\ndaemon:x:1:1:daemon:/usr/sbin:/usr/sbin/nologin\nbin:x:2:2:bin:/bin:/usr/sbin/nologin\nsys:x:3:3:s"..., 4096) = 1281
6858  close(3)                          = 0
6858  newfstatat(AT_FDCWD, "/root", {st_mode=S_IFDIR|0700, st_size=4096, ...}, 0) = 0
6858  newfstatat(AT_FDCWD, "/root/.config/VirtualBox", 0x7fffa6545230, 0) = -1 ENOENT (No such file or directory)
6858  mkdir("/root", 0700)              = -1 EEXIST (File exists)
6858  mkdir("/root/.config", 0700)      = 0
6858  mkdir("/root/.config/VirtualBox", 0700) = 0
6858  sched_get_priority_min(SCHED_OTHER) = 0
6858  sched_get_priority_max(SCHED_OTHER) = 0
6858  sched_getparam(6858, [0])         = 0
6858  sched_getscheduler(6858)          = 0 (SCHED_OTHER)
6858  sched_setscheduler(6858, SCHED_OTHER, [0]) = 0
6858  socket(AF_INET6, SOCK_STREAM, IPPROTO_IP) = 3
6858  close(3)                          = 0
6858  rt_sigaction(SIGPIPE, {sa_handler=SIG_IGN, sa_mask=[], sa_flags=SA_RESTORER, sa_restorer=0x7f21d5a07520}, NULL, 8) = 0
6858  newfstatat(AT_FDCWD, "/usr/lib/virtualbox", {st_mode=S_IFDIR|0755, st_size=4096, ...}, 0) = 0
6858  brk(0x55e2ab4b2000)               = 0x55e2ab4b2000
6858  openat(AT_FDCWD, "/root/.config/VirtualBox/compreg.dat", O_RDONLY) = -1 ENOENT (No such file or directory)
6858  access("/usr/lib/virtualbox/plugins", F_OK) = -1 ENOENT (No such file or directory)
6858  newfstatat(AT_FDCWD, "/root/.config/VirtualBox/xpti.dat", 0x55e2ab496c80, 0) = -1 ENOENT (No such file or directory)
6858  newfstatat(AT_FDCWD, "/root/.config/VirtualBox/xpti.dat", 0x55e2ab496c80, AT_SYMLINK_NOFOLLOW) = -1 ENOENT (No such file or directory)
6858  newfstatat(AT_FDCWD, "/root/.config/VirtualBox/xpti.dat", 0x55e2ab494b20, 0) = -1 ENOENT (No such file or directory)
6858  newfstatat(AT_FDCWD, "/root/.config/VirtualBox/xpti.dat", 0x55e2ab494b20, AT_SYMLINK_NOFOLLOW) = -1 ENOENT (No such file or directory)
6858  openat(AT_FDCWD, "/usr/lib/virtualbox/components", O_RDONLY|O_NONBLOCK|O_CLOEXEC|O_DIRECTORY) = 3
6858  newfstatat(3, "", {st_mode=S_IFDIR|0755, st_size=4096, ...}, AT_EMPTY_PATH) = 0
6858  getdents64(3, 0x55e2ab498720 /* 11 entries */, 32768) = 360
6858  newfstatat(AT_FDCWD, "/usr/lib/virtualbox/components/VBoxVMM.so", {st_mode=S_IFREG|0644, st_size=4298664, ...}, 0) = 0
6858  newfstatat(AT_FDCWD, "/usr/lib/virtualbox/components/VirtualBox_XPCOM.xpt", {st_mode=S_IFREG|0644, st_size=133831, ...}, 0) = 0
6858  newfstatat(AT_FDCWD, "/usr/lib/virtualbox/components/VBoxXPCOMBase.xpt", {st_mode=S_IFREG|0644, st_size=25931, ...}, 0) = 0
6858  newfstatat(AT_FDCWD, "/usr/lib/virtualbox/components/VBoxXPCOMIPCC.so", {st_mode=S_IFREG|0644, st_size=143328, ...}, 0) = 0
6858  newfstatat(AT_FDCWD, "/usr/lib/virtualbox/components/VBoxRT.so", {st_mode=S_IFREG|0644, st_size=3518696, ...}, 0) = 0
6858  newfstatat(AT_FDCWD, "/usr/lib/virtualbox/components/VBoxSVCM.so", {st_mode=S_IFREG|0644, st_size=19128, ...}, 0) = 0
6858  newfstatat(AT_FDCWD, "/usr/lib/virtualbox/components/VBoxC.so", {st_mode=S_IFREG|0644, st_size=4177800, ...}, 0) = 0
6858  newfstatat(AT_FDCWD, "/usr/lib/virtualbox/components/VBoxXPCOM.so", {st_mode=S_IFREG|0644, st_size=1155432, ...}, 0) = 0
6858  getdents64(3, 0x55e2ab498720 /* 0 entries */, 32768) = 0
6858  newfstatat(AT_FDCWD, "/usr/lib/virtualbox/components/VBoxDDU.so", {st_mode=S_IFREG|0644, st_size=451736, ...}, 0) = 0
6858  close(3)                          = 0
6858  newfstatat(AT_FDCWD, "/usr/lib/virtualbox/components/VirtualBox_XPCOM.xpt", {st_mode=S_IFREG|0644, st_size=133831, ...}, 0) = 0
6858  mmap(NULL, 135168, PROT_READ|PROT_WRITE, MAP_PRIVATE|MAP_ANONYMOUS, -1, 0) = 0x7f21d20d8000
6858  openat(AT_FDCWD, "/usr/lib/virtualbox/components/VirtualBox_XPCOM.xpt", O_RDONLY) = 3
6858  fcntl(3, F_GETFD)                 = 0
6858  read(3, "XPCOM\nTypeLib\r\n\32\1\2\1=\0\2\n\307\0\0\0\"\0\0001\251\200\0\0\0\0\0\0\0\0\300\0\0\0\0\0\0F\0\0\0\1\0\0\0\0\0\0\0\0\09\27X\0\261N\235\0\0\21\372\0\371\325\203\0\0\0\r\0\0\0\0\0\0\0004\0u\375l\0\302D\204\0w\300W\0=\234\220\0\0\0M\0\0\0\0\0\0\0e\0\256j\364\0\247A\4\0\tI"..., 133831) = 133831
6858  brk(0x55e2ab4d3000)               = 0x55e2ab4d3000
6858  brk(0x55e2ab4f4000)               = 0x55e2ab4f4000
6858  close(3)                          = 0
6858  munmap(0x7f21d20d8000, 135168)    = 0
6858  brk(0x55e2ab515000)               = 0x55e2ab515000
6858  newfstatat(AT_FDCWD, "/usr/lib/virtualbox/components/VBoxXPCOMBase.xpt", {st_mode=S_IFREG|0644, st_size=25931, ...}, 0) = 0
6858  openat(AT_FDCWD, "/usr/lib/virtualbox/components/VBoxXPCOMBase.xpt", O_RDONLY) = 3
6858  fcntl(3, F_GETFD)                 = 0
6858  read(3, "XPCOM\nTypeLib\r\n\32\1\2\0z\0\0eK\0\0\0\"\0\0\0231\200\0\0\0\0\0\0\0\0\300\0\0\0\0\0\0F\0\0\0\1\0\0\0\0\0\0\0\r\0\0\0\1\0\0\0\0\300\0\0\0\0\0\0F\0\0\0O\0\0\0\0\0\0\0Z\3:\24p\213*\21\323\257\210\0\240$\377\300\214\0\0\0\227\0\0\0\0\0\0\0\255\5wtL\301\322G\362\213\314\316"..., 25931) = 25931
6858  close(3)                          = 0
6858  openat(AT_FDCWD, "/root/.config/VirtualBox/xpti.dat.tmp", O_WRONLY|O_CREAT|O_TRUNC, 0600) = 3
6858  fcntl(3, F_GETFD)                 = 0
6858  write(3, "# Generated file. ** DO NOT EDIT! **\n", 37) = 37
6858  write(3, "\n[Header,2]\n", 12)    = 12
6858  write(3, "0,Version,2,0\n", 14)   = 14
6858  write(3, "1,AppDir,/usr/lib/virtualbox\n", 29) = 29
6858  write(3, "\n[Directories,1]\n", 17) = 17
6858  write(3, "0,/usr/lib/virtualbox/components\n", 33) = 33
6858  write(3, "\n[Files,2]\n", 11)     = 11
6858  write(3, "0,VirtualBox_XPCOM.xpt,0,133831,1652427288000\n", 46) = 46
6858  write(3, "1,VBoxXPCOMBase.xpt,0,25931,1652427288000\n", 42) = 42
6858  write(3, "\n[ArchiveItems,0]\n", 18) = 18
6858  write(3, "\n[Interfaces,437]\n", 18) = 18
6858  write(3, "0,nsITimer,{29ee628e-a3ea-471f-965d-dc9f11d1c183},1,-1,1\n", 57) = 57
6858  write(3, "1,DHCPOption,{00f5b10f-0021-4513-00f7-5bf4000982bf},0,-1,1\n", 59) = 59
6858  write(3, "2,ProcessPriority,{ee8cac50-e232-49fe-806b-d1214d9c2e49},0,-1,1\n", 64) = 64
6858  write(3, "3,nsIComponentManager,{a88e5a60-205a-4bb1-94e1-2628daf51eae},1,-1,1\n", 68) = 68
6858  write(3, "4,nsILocalFile,{aa610f20-a889-11d3-8c81-000064657374},1,-1,1\n", 61) = 61
6858  write(3, "5,MouseButtonState,{9ee094b8-b28a-4d56-a166-973cb588d7f8},0,-1,1\n", 65) = 65
6858  write(3, "6,nsISupportsDouble,{b32523a0-4ac0-11d3-baea-00805f8a5dd7},1,-1,1\n", 66) = 66
6858  write(3, "7,USBControllerType,{8fdd1c6a-5412-41da-ab07-7baed7d6e18e},0,-1,1\n", 66) = 66
6858  write(3, "8,IClipboardFileTransferModeChangedEvent,{00391758-00b1-4e9d-0000-11fa00f9d583},0,-1,1\n", 87) = 87
6858  write(3, "9,nsIException,{f3a8d3b4-c424-4edc-8bf6-8974c983ba78},1,-1,1\n", 61) = 61
6858  write(3, "10,FileAccessMode,{231a578f-47fb-ea30-3b3e-8489558227f0},0,-1,1\n", 64) = 64
6858  write(3, "11,IGuestSessionStateChangedEvent,{327e3c00-ee61-462f-aed3-0dff6cbf9904},0,-1,1\n", 80) = 80
6858  write(3, "12,INATNetworkPortForwardEvent,{2514881b-23d0-430a-a7ff-7ed7f05534bc},0,-1,1\n", 77) = 77
6858  write(3, "13,nsISupportsPRUint32,{e01dc470-4a1c-11d3-9890-006008962422},1,-1,1\n", 69) = 69
6858  write(3, "14,IKeyboard,{755e6bdf-1640-41f9-bd74-3ef5fd653250},0,-1,1\n", 59) = 59
6858  write(3, "15,DHCPConfigScope,{469c42e4-b9ec-43f2-bdcb-9e9d1eb434ae},0,-1,1\n", 65) = 65
6858  write(3, "16,nsIRunnable,{4a2abaf0-6886-11d3-9382-00104ba0fd40},1,-1,1\n", 61) = 61
6858  write(3, "17,nsIDirectoryService,{57a66a60-d43a-11d3-8cc2-00609792278c},1,-1,1\n", 69) = 69
6858  write(3, "18,ISnapshotEvent,{21637b0e-34b8-42d3-acfb-7e96daf77c22},0,-1,1\n", 64) = 64
6858  write(3, "19,AudioCodecType,{7b406301-f520-420c-9805-8ce11c086370},0,-1,1\n", 64) = 64
6858  write(3, "20,Scope,{7c91096e-499e-4eca-9f9b-9001438d7855},0,-1,1\n", 55) = 55
6858  write(3, "21,nsISerializable,{91cca981-c26d-44a8-bebe-d9ed4891503a},1,-1,1\n", 65) = 65
6858  write(3, "22,nsIStringEnumerator,{50d3ef6c-9380-4f06-9fb2-95488f7d141c},1,-1,1\n", 69) = 69
6858  write(3, "23,IExtraDataChangedEvent,{024f00ce-6e0b-492a-a8d0-968472a94dc7},0,-1,1\n", 72) = 72
6858  write(3, "24,AdditionsRunLevelType,{a25417ee-a9dd-4f5b-b0dc-377860087754},0,-1,1\n", 71) = 71
6858  write(3, "25,nsILineInputStream,{c97b466c-1e6e-4773-a4ab-2b2b3190a7a6},1,-1,1\n", 68) = 68
6858  write(3, "26,PortMode,{7485fcfd-d603-470a-87af-26d33beb7de9},0,-1,1\n", 58) = 58
6858  write(3, "27,IExtraDataCanChangeEvent,{245d88bd-800a-40f8-87a6-170d02249a55},0,-1,1\n", 74) = 74
6858  write(3, "28,IDnDBase,{4132147b-42f8-cd96-7570-6a8800e3342c},0,-1,1\n", 58) = 58
6858  write(3, "29,IMediumAttachment,{8d095cb0-0126-43e0-b05d-326e74abb356},0,-1,1\n", 67) = 67
6858  write(3, "30,ProcessOutputFlag,{9979e85a-52bb-40b7-870c-57115e27e0f1},0,-1,1\n", 67) = 67
6858  write(3, "31,nsIInputStream,{fa9c7f6c-61b3-11d4-9877-00c04fa0cf4a},1,-1,1\n", 64) = 64
6858  write(3, "32,nsIOutputStream,{0d0acd2a-61b4-11d4-9877-00c04fa0cf4a},1,-1,1\n", 65) = 65
6858  write(3, "33,nsIRandomAccessIterator,{9bd6fdb0-1dd1-11b2-9101-d15375968230},1,-1,1\n", 73) = 73
6858  write(3, "34,nsIByteArrayInputStream,{b5a21556-35fc-4815-aff1-f9142639686e},1,-1,1\n", 73) = 73
6858  write(3, "35,nsISupportsPRUint64,{e13567c0-4a1c-11d3-9890-006008962422},1,-1,1\n", 69) = 69
6858  write(3, "36,MediumVariant,{0282e97f-4ef3-4411-a8e0-47c384803cb6},0,-1,1\n", 63) = 63
6858  write(3, "37,IGuestProcessRegisteredEvent,{1d89e2b3-c6ea-45b6-9d43-dc6f70cc9f02},0,-1,1\n", 78) = 78
6858  write(3, "38,IRecordingChangedEvent,{b5ddb370-08a7-4c8f-910d-47aabd67253a},0,-1,1\n", 72) = 72
6858  write(3, "39,nsIBinaryOutputStream,{204ee610-8765-11d3-90cf-0040056a906e},1,-1,1\n", 71) = 71
6858  write(3, "40,nsIExceptionService,{35a88f54-f267-4414-92a7-191f6454ab52},1,-1,1\n", 69) = 69
6858  write(3, "41,IMediumConfigChangedEvent,{dd3e2654-a161-41f1-b583-4892f4a9d5d5},0,-1,1\n", 75) = 75
6858  write(3, "42,nsIErrorService,{e72f94b2-5f85-11d4-9877-00c04fa0cf4a},1,-1,1\n", 65) = 65
6858  write(3, "43,AudioDriverType,{4bcc3d73-c2fe-40db-b72f-0c2ca9d68496},0,-1,1\n", 65) = 65
6858  write(3, "44,ProcessInputFlag,{5d38c1dd-2604-4ddf-92e5-0c0cdd3bdbd5},0,-1,1\n", 66) = 66
6858  write(3, "45,IDHCPGroupConfig,{537707f7-ebf9-4d5c-7aea-877bfc4256ba},0,-1,1\n", 66) = 66
6858  write(3, "46,IVFSExplorer,{fb220201-2fd3-47e2-a5dc-2c2431d833cc},0,-1,1\n", 62) = 62
6858  write(3, "47,IMachineStateChangedEvent,{5748f794-48df-438d-85eb-98ffd70d18c9},0,-1,1\n", 75) = 75
6858  write(3, "48,IGuestFileSizeChangedEvent,{d78374e9-486e-472f-481b-969746af2480},0,-1,1\n", 76) = 76
6858  write(3, "49,IEventListener,{67099191-32e7-4f6c-85ee-422304c71b90},0,-1,1\n", 64) = 64
6858  write(3, "50,USBConnectionSpeed,{d2915840-ea26-4fb4-b72a-21eaf6b888ff},0,-1,1\n", 68) = 68
6858  write(3, "51,DirectoryOpenFlag,{5138837a-8fd2-4194-a1b0-08f7bc3949d0},0,-1,1\n", 67) = 67
6858  write(3, "52,IGuestDirectory,{cc830458-4974-a19c-4dc6-cc98c2269626},0,-1,1\n", 65) = 65
6858  write(3, "53,AdditionsFacilityClass,{446451b2-c88d-4e5d-84c9-91bc7f533f5f},0,-1,1\n", 72) = 72
6858  write(3, "54,nsISeekableStream,{8429d350-1040-4661-8b71-f2a6ba455980},1,-1,1\n", 67) = 67
6858  write(3, "55,nsIUTF8StringEnumerator,{9bdf1010-3695-4907-95ed-83d0410ec307},1,-1,1\n", 73) = 73
6858  write(3, "56,IExtPackBase,{f25aca3d-0b79-4350-bdd9-a0376cd6e6e3},0,-1,1\n", 62) = 62
6858  write(3, "57,ISerialPort,{5587d0f6-a227-4f23-8278-2f675eea1bb2},0,-1,1\n", 61) = 61
6858  write(3, "58,IDHCPConfig,{00f4a8dc-0002-4b81-0077-1dcb004571ba},0,-1,1\n", 61) = 61
6858  write(3, "59,DeviceActivity,{6fc8aeaa-130a-4eb5-8954-3f921422d707},0,-1,1\n", 64) = 64
6858  write(3, "60,IGuestSessionRegisteredEvent,{b79de686-eabd-4fa6-960a-f1756c99ea1c},0,-1,1\n", 78) = 78
6858  write(3, "61,RecordingVideoRateControlMode,{d4efb692-9f98-4112-88d3-a16fbe2bf6a8},0,-1,1\n", 79) = 79
6858  write(3, "62,IDataStream,{a338ed20-58d9-43ae-8b03-c1fd7088ef15},0,-1,1\n", 61) = 61
6858  write(3, "63,IInternalMachineControl,{0075fd6c-00c2-4484-0077-c057003d9c90},0,-1,1\n", 73) = 73
6858  write(3, "64,KeyboardHIDType,{383e43d7-5c7c-4ec8-9cb8-eda1bccd6699},0,-1,1\n", 65) = 65
6858  write(3, "65,DirectoryCreateFlag,{bd721b0e-ced5-4f79-b368-249897c32a36},0,-1,1\n", 69) = 69
6858  write(3, "66,IPerformanceCollector,{b14290ad-cd54-400c-b858-797bcb82570e},0,-1,1\n", 71) = 71
6858  write(3, "67,GuestUserState,{b2a82b02-fd3d-4fc2-ba84-6ba5ac8be198},0,-1,1\n", 64) = 64
6858  write(3, "68,IUSBControllerChangedEvent,{93badc0c-61d9-4940-a084-e6bb29af3d83},0,-1,1\n", 76) = 76
6858  write(3, "69,IProgressTaskCompletedEvent,{a5bbdb7d-8ce7-469f-a4c2-6476f581ff72},0,-1,1\n", 77) = 77
6858  write(3, "70,IProcess,{bc68370c-8a02-45f3-a07d-a67aa72756aa},0,-1,1\n", 58) = 58
6858  write(3, "71,nsIInputStreamCallback,{d1f28e94-3a6e-4050-a5f5-2e81b1fc2a43},1,-1,1\n", 72) = 72
6858  write(3, "72,nsISearchableInputStream,{8c39ef62-f7c9-11d4-98f5-001083010e9b},1,-1,1\n", 74) = 74
6858  write(3, "73,RecordingAudioCodec,{0aeff775-053a-42f8-9c00-e445107dbed8},0,-1,1\n", 69) = 69
6858  write(3, "74,ISystemProperties,{027bc463-929c-40e8-bf16-fea557cd8e7e},0,-1,1\n", 67) = 67
6858  write(3, "75,nsISupportsFloat,{abeaa390-4ac0-11d3-baea-00805f8a5dd7},1,-1,1\n", 66) = 66
6858  write(3, "76,IGuestFileWriteEvent,{e062a915-3cf5-4c0a-bc90-9b8d4cc94d89},0,-1,1\n", 70) = 70
6858  write(3, "77,RecordingVideoScalingMethod,{5576d890-48ee-449a-a81b-b776233598b7},0,-1,1\n", 77) = 77
6858  write(3, "78,IGraphicsAdapter,{f692806f-febe-4049-b476-1292a8e45b09},0,-1,1\n", 66) = 66
6858  write(3, "79,IGuestAdditionsStatusChangedEvent,{a443da5b-aa82-4720-bc84-bd097b2b13b8},0,-1,1\n", 83) = 83
6858  write(3, "80,nsIFastLoadReadControl,{652ecec6-d40b-45b6-afef-641d6c63a35b},1,-1,1\n", 72) = 72
6858  write(3, "81,IGuestProcessOutputEvent,{d3d5f1ee-bcb2-4905-a7ab-cc85448a742b},0,-1,1\n", 74) = 74
6858  write(3, "82,nsISupportsPRUint8,{dec2e4e0-4a1c-11d3-9890-006008962422},1,-1,1\n", 68) = 68
6858  write(3, "83,FileSeekOrigin,{ad32f789-4279-4530-979c-f16892e1c263},0,-1,1\n", 64) = 64
6858  write(3, "84,GuestMouseEventMode,{4b500146-ebba-4b7c-bc29-69c2d57a5caf},0,-1,1\n", 69) = 69
6858  write(3, "85,IMediumFormat,{11be93c7-a862-4dc9-8c89-bf4ba74a886a},0,-1,1\n", 63) = 63
6858  write(3, "86,RecordingVideoCodec,{663bfc39-afff-49fa-98dd-322a857e877b},0,-1,1\n", 69) = 69
6858  write(3, "87,INATNetworkSettingEvent,{9db3a9e6-7f29-4aae-a627-5a282c83092c},0,-1,1\n", 73) = 73
6858  write(3, "88,LockType,{678aaf14-2815-4c3e-b20a-e86ed0216498},0,-1,1\n", 58) = 58
6858  write(3, "89,nsIInputStreamTee,{44e8b2c8-1ecb-4a63-8b23-3e3500c34f32},1,-1,1\n", 67) = 67
6858  write(3, "90,nsIWritableVariant,{5586a590-8c82-11d5-90f3-0010a4e73d9a},1,-1,1\n", 68) = 68
6858  write(3, "91,IHostNetworkInterface,{455f8c45-44a0-a470-ba20-27890b96dba9},0,-1,1\n", 71) = 71
6858  write(3, "92,DirectoryCopyFlag,{b5901856-d064-4fbc-ab06-2909ba106154},0,-1,1\n", 67) = 67
6858  write(3, "93,ISharedFolderChangedEvent,{b66349b5-3534-4239-b2de-8e1535d94c0b},0,-1,1\n", 75) = 75
6858  write(3, "94,IBandwidthControl,{48c7f4c0-c9d6-4742-957c-a6fd52e8c4ae},0,-1,1\n", 67) = 67
6858  write(3, "95,nsISupportsPRInt16,{e30d94b0-4a1c-11d3-9890-006008962422},1,-1,1\n", 68) = 68
6858  write(3, "96,ICanShowWindowEvent,{adf292b0-92c9-4a77-9d35-e058b39fe0b9},0,-1,1\n", 69) = 69
6858  write(3, "97,IProgressEvent,{daaf9016-1f04-4191-aa2f-1fac9646ae4c},0,-1,1\n", 64) = 64
6858  write(3, "98,DataFlags,{86884dcf-1d6b-4f1b-b4bf-f5aa44959d60},0,-1,1\n", 59) = 59
6858  write(3, "99,CPUPropertyType,{3fcfe589-ca66-468f-e313-656f9d0b2eb6},0,-1,1\n", 65) = 65
6858  write(3, "100,nsIComponentLoaderManager,{fce83d37-a3c0-4e09-ad9f-6842a984dbdf},1,-1,0\n", 76) = 76
6858  write(3, "101,IStorageController,{ddca7247-bf98-47fb-ab2f-b5177533f493},0,-1,1\n", 69) = 69
6858  write(3, "102,nsIAtomService,{e5d0d92b-ea45-4622-ab48-302baf2094ee},1,-1,1\n", 65) = 65
6858  write(3, "103,IPerformanceMetric,{81314d14-fd1c-411a-95c5-e9bb1414e632},0,-1,1\n", 69) = 69
6858  write(3, "104,IGuestProcessEvent,{2405f0e5-6588-40a3-9b0a-68c05ba52c4b},0,-1,1\n", 69) = 69
6858  write(3, "105,IMachineEvent,{92ed7b1a-0d96-40ed-ae46-a564d484325e},0,-1,1\n", 64) = 64
6858  write(3, "106,nsIEventTarget,{ea99ad5b-cc67-4efb-97c9-2ef620a59f2a},1,-1,1\n", 65) = 65
6858  write(3, "107,IUnattended,{6f89464f-7193-426c-a41f-522e8f537fa0},0,-1,1\n", 62) = 62
6858  write(3, "108,IExtPackPlugIn,{78861431-d545-44aa-8013-181b8c288554},0,-1,1\n", 65) = 65
6858  write(3, "109,ISession,{c0447716-ff5a-4795-b57a-ecd5fffa18a4},0,-1,1\n", 59) = 59
6858  write(3, "110,nsIComponentManagerObsolete,{8458a740-d5dc-11d2-92fb-00e09805570f},1,-1,1\n", 78) = 78
6858  write(3, "111,IGuestFileEvent,{c8adb7b0-057d-4391-b928-f14b06b710c5},0,-1,1\n", 66) = 66
6858  write(3, "112,nsIXPTLoaderSink,{6e48c500-8682-4730-add6-7db693b9e7ba},1,-1,1\n", 67) = 67
6858  write(3, "113,nsISupportsPRInt32,{e36c5250-4a1c-11d3-9890-006008962422},1,-1,1\n", 69) = 69
6858  write(3, "114,nsIInterfaceRequestor,{033a1470-8b2a-11d3-af88-00a024ffc08c},1,-1,1\n", 72) = 72
6858  write(3, "115,IGuestFile,{92f21dc0-44de-1653-b717-2ebf0ca9b664},0,-1,1\n", 61) = 61
6858  write(3, "116,nsIRecyclingAllocator,{d064a04c-9cee-4319-be31-64d565bccba9},1,-1,1\n", 72) = 72
6858  write(3, "117,IParallelPort,{788b87df-7708-444b-9eef-c116ce423d39},0,-1,1\n", 64) = 64
6858  write(3, "118,IInternalProgressControl,{41a033b8-cc87-4f6e-a0e9-47bb7f2d4be5},0,-1,1\n", 75) = 75
6858  write(3, "119,nsITraceRefcnt,{273dc92f-0fe6-4545-96a9-21be77828039},1,-1,0\n", 65) = 65
6858  write(3, "120,nsIStackFrame,{91d82105-7c62-4f8b-9779-154277c0ee90},1,-1,1\n", 64) = 64
6858  write(3, "121,nsIDataType,{4d12e540-83d7-11d5-90ed-0010a4e73d9a},1,-1,1\n", 62) = 62
6858  write(3, "122,NetworkAdapterPromiscModePolicy,{c963768a-376f-4c85-8d84-d8ced4b7269e},0,-1,1\n", 82) = 82
6858  write(3, "123,nsIStorageStream,{604ad9d0-753e-11d3-90ca-34278643278f},1,-1,1\n", 67) = 67
6858  write(3, "124,nsITimelineService,{93276790-3daf-11d5-b67d-000064657374},1,-1,1\n", 69) = 69
6858  write(3, "125,FsObjRenameFlag,{59bbf3a1-4e23-d7cf-05d5-ccae32080ed2},0,-1,1\n", 66) = 66
6858  write(3, "126,PartitionTableType,{360066eb-d19e-4fa1-57ef-fed434fbe2a9},0,-1,1\n", 69) = 69
6858  write(3, "127,CloudMachineState,{67b6d054-0154-4f5d-b71b-6ac406e1ff78},0,-1,1\n", 68) = 68
6858  write(3, "128,IGuestFileIOEvent,{b5191a7c-9536-4ef8-820e-3b0e17e5bbc8},0,-1,1\n", 68) = 68
6858  write(3, "129,VMProcPriority,{6fa72dd5-19b7-46ba-bc52-f223c98c7d80},0,-1,1\n", 65) = 65
6858  write(3, "130,IMachineRegisteredEvent,{c354a762-3ff2-4f2e-8f09-07382ee25088},0,-1,1\n", 74) = 74
6858  write(3, "131,nsISupportsPRUint16,{dfacb090-4a1c-11d3-9890-006008962422},1,-1,1\n", 70) = 70
6858  write(3, "132,IClipboardModeChangedEvent,{cac21692-7997-4595-a731-3a509db604e5},0,-1,1\n", 77) = 77
6858  write(3, "133,IFramebufferOverlay,{af398a9a-6b76-4805-8fab-00a9dcf4732b},0,-1,1\n", 70) = 70
6858  write(3, "134,IVirtualBoxErrorInfo,{c1bcc6d5-7966-481d-ab0b-d0ed73e28135},0,-1,1\n", 71) = 71
6858  write(3, "135,RecordingDestination,{11e3f06b-dec1-48b9-bdc4-1e618d72893c},0,-1,1\n", 71) = 71
6858  write(3, "136,IFormValue,{67c50afe-3e78-11e9-b25e-7768f80c0e07},0,-1,1\n", 61) = 61
6858  write(3, "137,UartType,{c8899d39-0b90-4265-9d02-1e38bd4d1b39},0,-1,1\n", 59) = 59
6858  write(3, "138,PointingHIDType,{19964e93-0050-45c4-9382-a7bccc53e666},0,-1,1\n", 66) = 66
6858  write(3, "139,IRecordingScreenSettings,{678fbd9a-93af-42a7-7f13-79ad6ef1a18d},0,-1,1\n", 75) = 75
6858  write(3, "140,nsICategoryManager,{3275b2cd-af6d-429a-80d7-f0c5120342ac},1,-1,1\n", 69) = 69
6858  write(3, "141,INATNetworkCreationDeletionEvent,{8d984a7e-b855-40b8-ab0c-44d3515b4528},0,-1,1\n", 83) = 83
6858  write(3, "142,AdditionsFacilityStatus,{ce06f9e1-394e-4fe9-9368-5a88c567dbde},0,-1,1\n", 74) = 74
6858  write(3, "143,DeviceType,{cb977be1-d1fb-41f8-ad7e-951736c6cb3e},0,-1,1\n", 61) = 61
6858  write(3, "144,nsISupportsVoid,{464484f0-568d-11d3-baf8-00805f8a5dd7},1,-1,1\n", 66) = 66
6858  write(3, "145,CloudImageState,{6e5d6762-eea2-4f2c-b104-2952d0aa8a0a},0,-1,1\n", 66) = 66
6858  write(3, "146,nsIConsoleMessage,{41bd8784-1dd2-11b2-9553-8606958fffe1},1,-1,1\n", 68) = 68
6858  write(3, "147,VMExecutionEngine,{56029577-31f7-44d2-3334-7ecbf95294b6},0,-1,1\n", 68) = 68
6858  write(3, "148,IRecordingSettings,{d88f2a5a-47c7-4a3f-aae1-1b516817db41},0,-1,1\n", 69) = 69
6858  write(3, "149,IFsObjInfo,{081fc833-c6fa-430e-6020-6a505d086387},0,-1,1\n", 61) = 61
6858  write(3, "150,ISnapshotDeletedEvent,{c48f3401-4a9e-43f4-b7a7-54bd285e22f4},0,-1,1\n", 72) = 72
6858  write(3, "151,IDHCPIndividualConfig,{c40c2b86-73a5-46cc-8227-93fe57d006a6},0,-1,1\n", 72) = 72
6858  write(3, "152,IDnDModeChangedEvent,{b55cf856-1f8b-4692-abb4-462429fae5e9},0,-1,1\n", 71) = 71
6858  write(3, "153,nsIXPTLoader,{368a15d9-17a9-4c2b-ac3d-a35b3a22b876},1,-1,1\n", 63) = 63
6858  write(3, "154,IInternalSessionControl,{f4638054-f1f8-4590-941a-cdb66075c5bf},0,-1,1\n", 74) = 74
6858  write(3, "155,nsISupportsPrimitive,{d0d4b136-1dd1-11b2-9371-f0727ef827c0},1,-1,1\n", 71) = 71
6858  write(3, "156,SymlinkReadFlag,{b7fe2b9d-790e-4b25-8adf-1ca33026931f},0,-1,1\n", 66) = 66
6858  write(3, "157,nsIInterfaceInfo,{215dbe04-94a7-11d2-ba58-00805f8a5dd7},1,-1,0\n", 67) = 67
6858  write(3, "158,ICPUChangedEvent,{4da2dec7-71b2-4817-9a64-4ed12c17388e},0,-1,1\n", 67) = 67
6858  write(3, "159,ISharedFolder,{9622225a-5409-414b-bd16-77df7ba3451e},0,-1,1\n", 64) = 64
6858  write(3, "160,IAdditionsFacility,{f2f7fae4-4a06-81fc-a916-78b2da1fa0e5},0,-1,1\n", 69) = 69
6858  write(3, "161,nsIVariant,{6c9eb060-8c6a-11d5-90f3-0010a4e73d9a},1,-1,1\n", 61) = 61
6858  write(3, "162,IExtPack,{431685da-3618-4ebc-b038-833ba829b4b2},0,-1,1\n", 59) = 59
6858  write(3, "163,ICPUExecutionCapChangedEvent,{dfa7e4f5-b4a4-44ce-85a8-127ac5eb59dc},0,-1,1\n", 79) = 79
6858  write(3, "164,nsISupportsString,{d79dc970-4a1c-11d3-9890-006008962422},1,-1,1\n", 68) = 68
6858  write(3, "165,IEmulatedUSB,{6e253ee8-477a-2497-6759-88b8292a5af0},0,-1,1\n", 63) = 63
6858  write(3, "166,nsIStringInputStream,{450cd2d4-f0fd-424d-b365-b1251f80fd53},1,-1,1\n", 71) = 71
6858  write(3, "167,RecordingFeature,{a7ddc6a5-daa8-4485-b860-e9f2e98a7794},0,-1,1\n", 67) = 67
6858  write(3, "168,nsIInterfaceInfoSuperManager,{0ee22850-bc6a-11d5-9134-0010a4e73d9a},1,-1,0\n", 79) = 79
6858  write(3, "169,nsIThread,{6be5e380-6886-11d3-9382-00104ba0fd40},1,-1,1\n", 60) = 60
6858  write(3, "170,GuestSessionStatus,{ac2669da-4624-44f2-85b5-0b0bfb8d8673},0,-1,1\n", 69) = 69
6858  write(3, "171,IRuntimeErrorEvent,{883dd18b-0721-4cde-867c-1a82abaf914c},0,-1,1\n", 69) = 69
6858  write(3, "172,IDnDTarget,{ff5befc3-4ba3-7903-2aa4-43988ba11554},0,-1,1\n", 61) = 61
6858  write(3, "173,nsIStreamBufferAccess,{ac923b72-ac87-4892-ac7a-ca385d429435},1,-1,0\n", 72) = 72
6858  write(3, "174,IMachine,{85632c68-b5bb-4316-a900-5eb28d3413df},0,-1,1\n", 59) = 59
6858  write(3, "175,nsIBidirectionalEnumerator,{75f158a0-cadd-11d2-8cca-0060b0fc14a3},1,-1,0\n", 77) = 77
6858  write(3, "176,IAdditionsStateChangedEvent,{d70f7915-da7c-44c8-a7ac-9f173490446a},0,-1,1\n", 78) = 78
6858  write(3, "177,DHCPOptionEncoding,{84b6d460-2838-4682-c0d6-ef5b573ef28a},0,-1,1\n", 69) = 69
6858  write(3, "178,IUSBDeviceStateChangedEvent,{806da61b-6679-422a-b629-51b06b0c6d93},0,-1,1\n", 78) = 78
6858  write(3, "179,AccessMode,{1da0007c-ddf7-4be8-bcac-d84a1558785f},0,-1,1\n", 61) = 61
6858  write(3, "180,IVRDEServer,{08e25756-08a2-41af-a05f-d7c661abaebe},0,-1,1\n", 62) = 62
6858  write(3, "181,IUSBDeviceFilters,{9709db9b-3346-49d6-8f1c-41b0c4784ff2},0,-1,1\n", 68) = 68
6858  write(3, "182,IMedium,{ad47ad09-787b-44ab-b343-a082a3f2dfb1},0,-1,1\n", 58) = 58
6858  write(3, "183,nsIComponentRegistrar,{2417cbfe-65ad-48a6-b4b6-eb84db174392},1,-1,1\n", 72) = 72
6858  write(3, "184,nsIModule,{7392d032-5371-11d3-994e-00805fd26fee},1,-1,1\n", 60) = 60
6858  write(3, "185,IGuestMonitorInfoChangedEvent,{0b3cdeb2-808e-11e9-b773-133d9330f849},0,-1,1\n", 80) = 80
6858  write(3, "186,ICloudProfile,{b1d978b8-f7b7-4b05-900e-2a9253c00f51},0,-1,1\n", 64) = 64
6858  write(3, "187,AdditionsFacilityType,{c4b10d74-dd48-4ff4-9a40-785a2a389ade},0,-1,1\n", 72) = 72
6858  write(3, "188,IFramebuffer,{1e8d3f27-b45c-48ae-8b36-d35e83d207aa},0,-1,1\n", 63) = 63
6858  write(3, "189,HostNetworkInterfaceMediumType,{1aa54aaf-2497-45a2-bfb1-8eb225e93d5b},0,-1,1\n", 81) = 81
6858  write(3, "190,INATEngine,{8faef61e-6e15-4f71-a6a5-94e707fafbcc},0,-1,1\n", 61) = 61
6858  write(3, "191,nsISupportsID,{d18290a0-4a1c-11d3-9890-006008962422},1,-1,1\n", 64) = 64
6858  write(3, "192,INetworkAdapterChangedEvent,{08889892-1ec6-4883-801d-77f56cfd0103},0,-1,1\n", 78) = 78
6858  write(3, "193,IMachineDataChangedEvent,{abe94809-2e88-4436-83d7-50f3e64d0503},0,-1,1\n", 75) = 75
6858  write(3, "194,FileOpenExFlag,{4671abd4-f70c-42aa-8542-6c169cb87a5c},0,-1,1\n", 65) = 65
6858  write(3, "195,ExportOptions,{8f45eb08-fd34-41ee-af95-a880bdee5554},0,-1,1\n", 64) = 64
6858  write(3, "196,nsIFastLoadService,{759e475e-0c23-4dbf-b1b8-78c9369e3072},1,-1,1\n", 69) = 69
6858  write(3, "197,INATNetworkAlterEvent,{d947adf5-4022-dc80-5535-6fb116815604},0,-1,1\n", 72) = 72
6858  write(3, "198,PathStyle,{97303a5b-42e8-0a55-d16f-d2a92c295261},0,-1,1\n", 60) = 60
6858  write(3, "199,nsIFastLoadFileControl,{8a1e2c63-af50-4147-af7e-26289dc180dd},1,-1,1\n", 73) = 73
6858  write(3, "200,IConsole,{872da645-4a9b-1727-bee2-5585105b9eed},0,-1,1\n", 59) = 59
6858  write(3, "201,FileCopyFlag,{791909d7-4c64-2fa4-4303-adb10658d347},0,-1,1\n", 63) = 63
6858  write(3, "202,IBooleanFormValue,{4f4adcf6-3e87-11e9-8af2-576e84223953},0,-1,1\n", 68) = 68
6858  write(3, "203,IToken,{20479eaf-d8ed-44cf-85ac-c83a26c95a4d},0,-1,1\n", 57) = 57
6858  write(3, "204,nsIObjectInputStream,{6c248606-4eae-46fa-9df0-ba58502368eb},1,-1,1\n", 71) = 71
6858  write(3, "205,IGuestPropertyChangedEvent,{3f63597a-26f1-4edb-8dd2-6bddd0912368},0,-1,1\n", 77) = 77
6858  write(3, "206,IDisplaySourceBitmap,{5094f67a-8084-11e9-b185-dbe296e54799},0,-1,1\n", 71) = 71
6858  write(3, "207,IDirectory,{758d7eac-e4b1-486a-8f2e-747ae346c3e9},0,-1,1\n", 61) = 61
6858  write(3, "208,MediumFormatCapabilities,{7342ba79-7ce0-4d94-8f86-5ed5a185d9bd},0,-1,1\n", 75) = 75
6858  write(3, "209,IMousePointerShape,{1e775ea3-9070-4f9c-b0d5-53054496dbe0},0,-1,1\n", 69) = 69
6858  write(3, "210,IDHCPGroupCondition,{5ca9e537-5a1d-43f1-6f27-6a0db298a9a8},0,-1,1\n", 70) = 70
6858  write(3, "211,nsIExceptionProvider,{0577744c-c1d2-47f2-8bcc-ce7a9e5a88fc},1,-1,1\n", 71) = 71
6858  write(3, "212,IDisplay,{4680b2de-8690-11e9-b83d-5719e53cf1de},0,-1,1\n", 59) = 59
6858  write(3, "213,nsIDirectoryServiceProvider,{bbf8cab0-d43a-11d3-8cc2-00609792278c},1,-1,1\n", 78) = 78
6858  write(3, "214,INetworkAdapter,{e9a0c183-7071-4894-93d6-dcbec010fa91},0,-1,1\n", 66) = 66
6858  write(3, "215,IGuestMouseEvent,{179f8647-319c-4e7e-8150-c5837bd265f6},0,-1,1\n", 67) = 67
6858  write(3, "216,IEventSourceChangedEvent,{e7932cb8-f6d4-4ab6-9cbf-558eb8959a6a},0,-1,1\n", 75) = 75
6858  write(3, "217,IExtPackFile,{41304f1b-7e72-4f34-b8f6-682785620c57},0,-1,1\n", 63) = 63
6858  write(3, "218,ProcessStatus,{4d52368f-5b48-4bfe-b486-acf89139b52f},0,-1,1\n", 64) = 64
6858  write(3, "219,IGuestDnDTarget,{50ce4b51-0ff7-46b7-a138-3c6e5ac946b4},0,-1,1\n", 66) = 66
6858  write(3, "220,nsIPropertyBag,{bfcd37b0-a49f-11d5-910d-0010a4e73d9a},1,-1,1\n", 65) = 65
6858  write(3, "221,IRangedIntegerFormValue,{b31c4052-7bdc-11e9-8bc2-8ffdb8b19219},0,-1,1\n", 74) = 74
6858  write(3, "222,IGuestFsObjInfo,{6620db85-44e0-ca69-e9e0-d4907ceccbe5},0,-1,1\n", 66) = 66
6858  write(3, "223,IPCIAddress,{c984d15f-e191-400b-840e-970f3dad7296},0,-1,1\n", 62) = 62
6858  write(3, "224,FileStatus,{8c86468b-b97b-4080-8914-e29f5b0abd2c},0,-1,1\n", 61) = 61
6858  write(3, "225,nsIAsyncInputStream,{15a15329-00de-44e8-ab06-0d0b0d43dc5b},1,-1,1\n", 70) = 70
6858  write(3, "226,IVRDEServerInfo,{c39ef4d6-7532-45e8-96da-eb5986ae76e4},0,-1,1\n", 66) = 66
6858  write(3, "227,IHostVideoInputDevice,{e8c25d4d-ac97-4c16-b3e2-81bd8a57cc27},0,-1,1\n", 72) = 72
6858  write(3, "228,IMouseCapabilityChangedEvent,{70e7779a-e64a-4908-804e-371cad23a756},0,-1,1\n", 79) = 79
6858  write(3, "229,FramebufferCapabilities,{cc395839-30fa-4ca5-ae65-e6360e3edd7a},0,-1,1\n", 74) = 74
6858  write(3, "230,nsIProgrammingLanguage,{ea604e90-40ba-11d5-90bb-0010a4e73d9a},1,-1,1\n", 73) = 73
6858  write(3, "231,StorageBus,{f9510869-7d07-46ba-96a6-6728fbf4adee},0,-1,1\n", 61) = 61
6858  write(3, "232,nsISupportsPRInt64,{e3cb0ff0-4a1c-11d3-9890-006008962422},1,-1,1\n", 69) = 69
6858  write(3, "233,IGuestFileReadEvent,{4ee3cbcb-486f-40db-9150-deee3fd24189},0,-1,1\n", 70) = 70
6858  write(3, "234,nsIFile,{c8c0a080-0868-11d3-915f-d9d889d48e3c},1,-1,1\n", 58) = 58
6858  write(3, "235,IMachineDebugger,{00ae6af4-00a7-4104-0009-49bc00b2da80},0,-1,1\n", 67) = 67
6858  write(3, "236,IGuestProcessInputNotifyEvent,{0de887f2-b7db-4616-aac6-cfb94d89ba78},0,-1,1\n", 80) = 80
6858  write(3, "237,ISnapshot,{6cc49055-dad4-4496-85cf-3f76bcb3b5fa},0,-1,1\n", 60) = 60
6858  write(3, "238,FsObjMoveFlag,{2450a05d-80c6-4c96-9a17-94d73293ff86},0,-1,1\n", 64) = 64
6858  write(3, "239,NATProtocol,{e90164be-eb03-11de-94af-fff9b1c1b19f},0,-1,1\n", 62) = 62
6858  write(3, "240,nsITimerManager,{8fce8c6a-1dd2-11b2-8352-8cdd2b965efc},1,-1,1\n", 66) = 66
6858  write(3, "241,IPCIDeviceAttachment,{91f33d6f-e621-4f70-a77e-15f0e3c714d5},0,-1,1\n", 71) = 71
6858  write(3, "242,INATNetwork,{4fdebbf0-be30-49c0-b315-e9749e1bded1},0,-1,1\n", 62) = 62
6858  write(3, "243,ProcessorFeature,{fed0e385-dc5a-4cef-b9e2-66bafb6af6aa},0,-1,1\n", 67) = 67
6858  write(3, "244,IVirtualBoxClient,{d2937a8e-cb8d-4382-90ba-b7da78a74573},0,-1,1\n", 68) = 68
6858  write(3, "245,IDnDSource,{d23a9ca3-42da-c94b-8aec-21968e08355d},0,-1,1\n", 61) = 61
6858  write(3, "246,Reason,{e7e8e097-299d-4e98-8bbc-c31c2d47d0cc},0,-1,1\n", 57) = 57
6858  write(3, "247,IAppliance,{86a98347-7619-41aa-aece-b21ac5c1a7e6},0,-1,1\n", 61) = 61
6858  write(3, "248,SessionState,{cf2700c0-ea4b-47ae-9725-7810114b94d8},0,-1,1\n", 63) = 63
6858  write(3, "249,nsIBinaryInputStream,{7b456cb0-8772-11d3-90cf-0040056a906e},1,-1,1\n", 71) = 71
6858  write(3, "250,ScreenLayoutMode,{8fa1964c-8774-11e9-ae5d-1f419105e68d},0,-1,1\n", 67) = 67
6858  write(3, "251,nsIAtom,{3d1b15b0-93b4-11d1-895b-006008911b81},1,-1,1\n", 58) = 58
6858  write(3, "252,ICertificate,{392f1de4-80e1-4a8a-93a1-67c5f92a838a},0,-1,1\n", 63) = 63
6858  write(3, "253,ISnapshotChangedEvent,{07541941-8079-447a-a33e-47a69c7980db},0,-1,1\n", 72) = 72
6858  write(3, "254,IGuestDnDSource,{dedfb5d9-4c1b-edf7-fdf3-c1be6827dc28},0,-1,1\n", 66) = 66
6858  write(3, "255,IGuestMultiTouchEvent,{be8a0eb5-f4f4-4dd0-9d30-c89b873247ec},0,-1,1\n", 72) = 72
6858  write(3, "256,nsIFastLoadFileIO,{715577db-d9c5-464a-a32e-0a40c29b22d4},1,-1,1\n", 68) = 68
6858  write(3, "257,nsIInterfaceInfoManager,{8b161900-be2b-11d2-9831-006008962422},1,-1,0\n", 74) = 74
6858  write(3, "258,INATNetworkStartStopEvent,{269d8f6b-fa1e-4cee-91c7-6d8496bea3c1},0,-1,1\n", 76) = 76
6858  write(3, "259,IShowWindowEvent,{b0a0904d-2f05-4d28-855f-488f96bad2b2},0,-1,1\n", 67) = 67
6858  write(3, "260,ICloudProvider,{22363cfc-07da-41ec-ac4a-3dd99db35594},0,-1,1\n", 65) = 65
6858  write(3, "261,AuthType,{7eef6ef6-98c2-4dc2-ab35-10d2b292028d},0,-1,1\n", 59) = 59
6858  write(3, "262,SymlinkType,{37794668-f8f1-4714-98a5-6f8fa2ed0118},0,-1,1\n", 62) = 62
6858  write(3, "263,IGuestKeyboardEvent,{88394258-7006-40d4-b339-472ee3801844},0,-1,1\n", 70) = 70
6858  write(3, "264,BIOSBootMenuMode,{ae4fb9f7-29d2-45b4-b2c7-d579603135d5},0,-1,1\n", 67) = 67
6858  write(3, "265,IGuestOSType,{d0d6c6d8-e5db-4d2c-baaa-c71053a6236d},0,-1,1\n", 63) = 63
6858  write(3, "266,HostNetworkInterfaceType,{67431b00-9946-48a2-bc02-b25c5919f4f3},0,-1,1\n", 75) = 75
6858  write(3, "267,NetworkAdapterType,{3c2281e4-d952-4e87-8c7d-24379cb6a81c},0,-1,1\n", 69) = 69
6858  write(3, "268,IChoiceFormValue,{7191cf38-3e8a-11e9-825c-ab7b2cabce23},0,-1,1\n", 67) = 67
6858  write(3, "269,FileSharingMode,{f87dfe58-425b-c5ba-7d6d-22adeea25de1},0,-1,1\n", 66) = 66
6858  write(3, "270,IDHCPGlobalConfig,{46735de7-f4c4-4020-a185-0d2881bcfa8b},0,-1,1\n", 68) = 68
6858  write(3, "271,IKeyboardLedsChangedEvent,{6ddef35e-4737-457b-99fc-bc52c851a44f},0,-1,1\n", 76) = 76
6858  write(3, "272,IVetoEvent,{7c5e945f-2354-4267-883f-2f417d216519},0,-1,1\n", 61) = 61
6858  write(3, "273,MediumState,{ef41e980-e012-43cd-9dea-479d4ef14d13},0,-1,1\n", 62) = 62
6858  write(3, "274,nsIConsoleService,{a647f184-1dd1-11b2-a9d1-8537b201161b},1,-1,1\n", 68) = 68
6858  write(3, "275,USBDeviceFilterAction,{cbc30a49-2f4e-43b5-9da6-121320475933},0,-1,1\n", 72) = 72
6858  write(3, "276,nsIExceptionManager,{efc9d00b-231c-4feb-852c-ac017266a415},1,-1,1\n", 70) = 70
6858  write(3, "277,nsITimerInternal,{6dd8f185-ceb8-4878-8e38-2d13edc2d079},1,-1,1\n", 67) = 67
6858  write(3, "278,IGuest,{13a11514-402e-022e-6180-c3944de3f9c8},0,-1,1\n", 57) = 57
6858  write(3, "279,nsIProperty,{6dcf9030-a49f-11d5-910d-0010a4e73d9a},1,-1,1\n", 62) = 62
6858  write(3, "280,ProcessInputStatus,{a4a0ef9c-29cc-4805-9803-c8215ae9da6c},0,-1,1\n", 69) = 69
6858  write(3, "281,MachineState,{00bc01b5-00a4-48db-000a-9061008357aa},0,-1,1\n", 63) = 63
6858  write(3, "282,GuestMonitorStatus,{6b8d3f71-39cb-459e-a916-48917ed43e19},0,-1,1\n", 69) = 69
6858  write(3, "283,nsIObjectOutputStream,{92c898ac-5fde-4b99-87b3-5d486422094b},1,-1,1\n", 72) = 72
6858  write(3, "284,VBoxEventType,{d5d15e38-808d-11e9-aaac-4bc5d973ca37},0,-1,1\n", 64) = 64
6858  write(3, "285,IMediumChangedEvent,{0fe2da40-5637-472a-9736-72019eabd7de},0,-1,1\n", 70) = 70
6858  write(3, "286,nsIPropertyElement,{283ee646-1aef-11d4-98b3-00c04fa0ce9a},1,-1,1\n", 69) = 69
6858  write(3, "287,nsIInputIterator,{85585e12-1dd2-11b2-a930-f6929058269a},1,-1,1\n", 67) = 67
6858  write(3, "288,IStringArray,{3890b2c8-604d-11e9-92d3-53cb473db9fb},0,-1,1\n", 63) = 63
6858  write(3, "289,nsIArray,{114744d9-c369-456e-b55a-52fe52880d2d},1,-1,1\n", 59) = 59
6858  write(3, "290,FirmwareType,{b903f264-c230-483e-ac74-2b37ce60d371},0,-1,1\n", 63) = 63
6858  write(3, "291,IGuestUserStateChangedEvent,{39b4e759-1ec0-4c0f-857f-fbe2a737a256},0,-1,1\n", 78) = 78
6858  write(3, "292,nsIMutableArray,{2cd0b2f8-d4dd-48b8-87ba-b0200501f079},1,-1,1\n", 66) = 66
6858  write(3, "293,BandwidthGroupType,{1d92b67d-dc69-4be9-ad4c-93a01e1e0c8e},0,-1,1\n", 69) = 69
6858  write(3, "294,FsObjType,{34a0d1aa-491e-e209-e150-84964d6cee5f},0,-1,1\n", 60) = 60
6858  write(3, "295,USBDeviceState,{b99a2e65-67fb-4882-82fd-f3e5e8193ab4},0,-1,1\n", 65) = 65
6858  write(3, "296,IDHCPServer,{cadef0a2-a1a9-4ac2-8e80-c049af69dac8},0,-1,1\n", 62) = 62
6858  write(3, "297,IBandwidthGroupChangedEvent,{334df94a-7556-4cbc-8c04-043096b02d82},0,-1,1\n", 78) = 78
6858  write(3, "298,MediumType,{fe663fb5-c244-4e1b-9d81-c628b417dd04},0,-1,1\n", 61) = 61
6858  write(3, "299,nsIConsoleListener,{eaaf61d6-1dd1-11b2-bc6e-8fc96480f20d},1,-1,1\n", 69) = 69
6858  write(3, "300,ICloudClient,{435b66a2-0c60-11ea-a0ea-07eb0d1c4ead},0,-1,1\n", 63) = 63
6858  write(3, "301,GuestSessionWaitForFlag,{bb7a372a-f635-4e11-a81a-e707f3a52ef5},0,-1,1\n", 74) = 74
6858  write(3, "302,SessionType,{a13c02cb-0c2c-421e-8317-ac0e8aaa153a},0,-1,1\n", 62) = 62
6858  write(3, "303,nsIOutputIterator,{7330650e-1dd2-11b2-a0c2-9ff86ee97bed},1,-1,1\n", 68) = 68
6858  write(3, "304,nsIDirectoryServiceProvider2,{2f977d4b-5485-11d4-87e2-0010a4e75ef2},1,-1,1\n", 79) = 79
6858  write(3, "305,KeyboardLED,{ef29ea38-409b-49c7-a817-c858d426dfba},0,-1,1\n", 62) = 62
6858  write(3, "306,nsIClassInfo,{986c11d0-f340-11d4-9075-0010a4e73d9a},1,-1,1\n", 63) = 63
6858  write(3, "307,nsIEventQueueService,{a6cf90dc-15b3-11d2-932e-00805f8add32},1,-1,1\n", 71) = 71
6858  write(3, "308,IMouse,{10cd08d0-e8b8-4838-b10c-45ba193734c1},0,-1,1\n", 57) = 57
6858  write(3, "309,INATNetworkChangedEvent,{101ae042-1a29-4a19-92cf-02285773f3b5},0,-1,1\n", 74) = 74
6858  write(3, "310,nsIProperties,{78650582-4e93-4b60-8e85-26ebd3eb14ca},1,-1,1\n", 64) = 64
6858  write(3, "311,nsIEnvironment,{101d5941-d820-4e85-a266-9a3469940807},1,-1,1\n", 65) = 65
6858  write(3, "312,DnDMode,{07af8800-f936-4b33-9172-cd400e83c148},0,-1,1\n", 58) = 58
6858  write(3, "313,nsIObserver,{db242e01-e4d9-11d2-9dde-000064657374},1,-1,1\n", 62) = 62
6858  write(3, "314,IGuestProcess,{35cf4b3f-4453-4f3e-c9b8-5686939c80b6},0,-1,1\n", 64) = 64
6858  write(3, "315,ISerialPortChangedEvent,{3ba329dc-659c-488b-835c-4eca7ae71c6c},0,-1,1\n", 74) = 74
6858  write(3, "316,GuestMonitorChangedEventType,{ef172985-7e36-4297-95be-e46396968d66},0,-1,1\n", 79) = 79
6858  write(3, "317,nsISupportsCString,{d65ff270-4a1c-11d3-9890-006008962422},1,-1,1\n", 69) = 69
6858  write(3, "318,nsIDebug,{3bf0c3d7-3bd9-4cf2-a971-33572c503e1e},1,-1,1\n", 59) = 59
6858  write(3, "319,nsIProcess,{9da0b650-d07e-4617-a18a-250035572ac8},1,-1,1\n", 61) = 61
6858  write(3, "320,nsIObserverService,{d07f5192-e3d1-11d2-8acd-00105a1b8860},1,-1,1\n", 69) = 69
6858  write(3, "321,NetworkAttachmentType,{524a8f9d-4b86-4b51-877d-1aa27c4ebeac},0,-1,1\n", 72) = 72
6858  write(3, "322,IHostNameResolutionConfigurationChangeEvent,{f9b9e1cf-cb63-47a1-84fb-02c4894b89a9},0,-1,1\n", 94) = 94
6858  write(3, "323,nsIFactory,{00000001-0000-0000-c000-000000000046},1,-1,1\n", 61) = 61
6858  write(3, "324,IGuestFileRegisteredEvent,{d0d93830-70a2-487e-895e-d3fc9679f7b3},0,-1,1\n", 76) = 76
6858  write(3, "325,nsISupportsPRTime,{e2563630-4a1c-11d3-9890-006008962422},1,-1,1\n", 68) = 68
6858  write(3, "326,IHostUSBDeviceFilter,{01adb2d6-aedf-461c-be2c-99e91bdad8a1},0,-1,1\n", 71) = 71
6858  write(3, "327,DirectoryRemoveRecFlag,{455aabf0-7692-48f6-9061-f21579b65769},0,-1,1\n", 73) = 73
6858  write(3, "328,nsISupports,{00000000-0000-0000-c000-000000000046},1,-1,1\n", 62) = 62
6858  write(3, "329,IVirtualBox,{d0a0163f-e254-4e5b-a1f2-011cf991c38d},0,-1,1\n", 62) = 62
6858  write(3, "330,nsIComponentLoader,{c073cfc0-567c-11d3-aec1-0000f8e25c06},1,-1,0\n", 69) = 69
6858  write(3, "331,ISnapshotTakenEvent,{d27c0b3d-6038-422c-b45e-6d4a0503d9f1},0,-1,1\n", 70) = 70
6858  write(3, "332,IStorageControllerChangedEvent,{6bb335cc-1c58-440c-bb7b-3a1397284c7b},0,-1,1\n", 81) = 81
6858  write(3, "333,CertificateVersion,{9e232a99-51d0-4dbd-96a0-ffac4bc3e2a8},0,-1,1\n", 69) = 69
6858  write(3, "334,ParavirtProvider,{696453ec-3742-4a05-bead-658ccbf2c944},0,-1,1\n", 67) = 67
